Archive member included to satisfy reference by file (symbol)

C:\Users\user\Documents\Arduino\test\build/..\..\..\..\AppData\Local\Temp\arduino\cores\arduino_samd_nano_33_iot_e2ce119f1188dca056bb4156d2541080\core.a(SERCOM.cpp.o)
                              C:\Users\user\Documents\Arduino\test\build\core\variant.cpp.o (SERCOM::SERCOM(Sercom*))
C:\Users\user\Documents\Arduino\test\build/..\..\..\..\AppData\Local\Temp\arduino\cores\arduino_samd_nano_33_iot_e2ce119f1188dca056bb4156d2541080\core.a(CDC.cpp.o)
                              C:\Users\user\Documents\Arduino\test\build\sketch\test.ino.cpp.o (Serial_::begin(unsigned long))
C:\Users\user\Documents\Arduino\test\build/..\..\..\..\AppData\Local\Temp\arduino\cores\arduino_samd_nano_33_iot_e2ce119f1188dca056bb4156d2541080\core.a(USBCore.cpp.o)
                              C:\Users\user\Documents\Arduino\test\build/..\..\..\..\AppData\Local\Temp\arduino\cores\arduino_samd_nano_33_iot_e2ce119f1188dca056bb4156d2541080\core.a(CDC.cpp.o) (usbd)
C:\Users\user\Documents\Arduino\test\build/..\..\..\..\AppData\Local\Temp\arduino\cores\arduino_samd_nano_33_iot_e2ce119f1188dca056bb4156d2541080\core.a(Uart.cpp.o)
                              C:\Users\user\Documents\Arduino\test\build\sketch\test.ino.cpp.o (Uart::begin(unsigned long))
C:\Users\user\Documents\Arduino\test\build/..\..\..\..\AppData\Local\Temp\arduino\cores\arduino_samd_nano_33_iot_e2ce119f1188dca056bb4156d2541080\core.a(PluggableUSB.cpp.o)
                              C:\Users\user\Documents\Arduino\test\build/..\..\..\..\AppData\Local\Temp\arduino\cores\arduino_samd_nano_33_iot_e2ce119f1188dca056bb4156d2541080\core.a(USBCore.cpp.o) (arduino::PluggableUSB_::getInterface(unsigned char*))
C:\Users\user\Documents\Arduino\test\build/..\..\..\..\AppData\Local\Temp\arduino\cores\arduino_samd_nano_33_iot_e2ce119f1188dca056bb4156d2541080\core.a(Print.cpp.o)
                              C:\Users\user\Documents\Arduino\test\build\sketch\test.ino.cpp.o (arduino::Print::write(unsigned char const*, unsigned int))
C:\Users\user\Documents\Arduino\test\build/..\..\..\..\AppData\Local\Temp\arduino\cores\arduino_samd_nano_33_iot_e2ce119f1188dca056bb4156d2541080\core.a(dtostrf.c.o)
                              C:\Users\user\Documents\Arduino\test\build\libraries\myArduinoSensor\myMessage.cpp.o (dtostrf)
C:\Users\user\Documents\Arduino\test\build/..\..\..\..\AppData\Local\Temp\arduino\cores\arduino_samd_nano_33_iot_e2ce119f1188dca056bb4156d2541080\core.a(cortex_handlers.c.o)
                              (Reset_Handler)
C:\Users\user\Documents\Arduino\test\build/..\..\..\..\AppData\Local\Temp\arduino\cores\arduino_samd_nano_33_iot_e2ce119f1188dca056bb4156d2541080\core.a(delay.c.o)
                              C:\Users\user\Documents\Arduino\test\build\sketch\test.ino.cpp.o (millis)
C:\Users\user\Documents\Arduino\test\build/..\..\..\..\AppData\Local\Temp\arduino\cores\arduino_samd_nano_33_iot_e2ce119f1188dca056bb4156d2541080\core.a(hooks.c.o)
                              C:\Users\user\Documents\Arduino\test\build/..\..\..\..\AppData\Local\Temp\arduino\cores\arduino_samd_nano_33_iot_e2ce119f1188dca056bb4156d2541080\core.a(delay.c.o) (yield)
C:\Users\user\Documents\Arduino\test\build/..\..\..\..\AppData\Local\Temp\arduino\cores\arduino_samd_nano_33_iot_e2ce119f1188dca056bb4156d2541080\core.a(main.cpp.o)
                              c:/users/user/appdata/local/arduino15/packages/arduino/tools/arm-none-eabi-gcc/7-2017q4/bin/../lib/gcc/arm-none-eabi/7.2.1/../../../../arm-none-eabi/lib/thumb/v6-m/crt0.o (main)
C:\Users\user\Documents\Arduino\test\build/..\..\..\..\AppData\Local\Temp\arduino\cores\arduino_samd_nano_33_iot_e2ce119f1188dca056bb4156d2541080\core.a(new.cpp.o)
                              C:\Users\user\Documents\Arduino\test\build\libraries\myArduinoSensor\mySPISensor.cpp.o (operator new(unsigned int))
C:\Users\user\Documents\Arduino\test\build/..\..\..\..\AppData\Local\Temp\arduino\cores\arduino_samd_nano_33_iot_e2ce119f1188dca056bb4156d2541080\core.a(startup.c.o)
                              C:\Users\user\Documents\Arduino\test\build/..\..\..\..\AppData\Local\Temp\arduino\cores\arduino_samd_nano_33_iot_e2ce119f1188dca056bb4156d2541080\core.a(cortex_handlers.c.o) (SystemInit)
C:\Users\user\Documents\Arduino\test\build/..\..\..\..\AppData\Local\Temp\arduino\cores\arduino_samd_nano_33_iot_e2ce119f1188dca056bb4156d2541080\core.a(wiring.c.o)
                              C:\Users\user\Documents\Arduino\test\build/..\..\..\..\AppData\Local\Temp\arduino\cores\arduino_samd_nano_33_iot_e2ce119f1188dca056bb4156d2541080\core.a(main.cpp.o) (init)
C:\Users\user\Documents\Arduino\test\build/..\..\..\..\AppData\Local\Temp\arduino\cores\arduino_samd_nano_33_iot_e2ce119f1188dca056bb4156d2541080\core.a(wiring_analog.c.o)
[...]
Memory Configuration

Name             Origin             Length             Attributes
FLASH            0x00002000         0x0003e000         xr
RAM              0x20000000         0x00008000         xrw
*default*        0x00000000         0xffffffff

Linker script and memory map

LOAD c:/users/user/appdata/local/arduino15/packages/arduino/tools/arm-none-eabi-gcc/7-2017q4/bin/../lib/gcc/arm-none-eabi/7.2.1/thumb/v6-m/crti.o
LOAD c:/users/user/appdata/local/arduino15/packages/arduino/tools/arm-none-eabi-gcc/7-2017q4/bin/../lib/gcc/arm-none-eabi/7.2.1/thumb/v6-m/crtbegin.o
LOAD c:/users/user/appdata/local/arduino15/packages/arduino/tools/arm-none-eabi-gcc/7-2017q4/bin/../lib/gcc/arm-none-eabi/7.2.1/../../../../arm-none-eabi/lib/thumb/v6-m/crt0.o
LOAD C:\Users\user\Documents\Arduino\test\build\sketch\test.ino.cpp.o
LOAD C:\Users\user\Documents\Arduino\test\build\libraries\myArduinoSensor\myI2CSensor.cpp.o
LOAD C:\Users\user\Documents\Arduino\test\build\libraries\myArduinoSensor\myMessage.cpp.o
LOAD C:\Users\user\Documents\Arduino\test\build\libraries\myArduinoSensor\mySPISensor.cpp.o
LOAD C:\Users\user\Documents\Arduino\test\build\libraries\myArduinoSensor\myUARTSensor.cpp.o
LOAD C:\Users\user\Documents\Arduino\test\build\libraries\SPI\SPI.cpp.o
LOAD C:\Users\user\Documents\Arduino\test\build\core\variant.cpp.o
START GROUP
LOAD C:\Users\user\AppData\Local\Arduino15\packages\arduino\tools\CMSIS\4.5.0/CMSIS/Lib/GCC/\libarm_cortexM0l_math.a
LOAD C:\Users\user\Documents\Arduino\test\build/..\..\..\..\AppData\Local\Temp\arduino\cores\arduino_samd_nano_33_iot_e2ce119f1188dca056bb4156d2541080\core.a
END GROUP
LOAD c:/users/user/appdata/local/arduino15/packages/arduino/tools/arm-none-eabi-gcc/7-2017q4/bin/../lib/gcc/arm-none-eabi/7.2.1/../../../../arm-none-eabi/lib/thumb/v6-m\libstdc++_nano.a
LOAD c:/users/user/appdata/local/arduino15/packages/arduino/tools/arm-none-eabi-gcc/7-2017q4/bin/../lib/gcc/arm-none-eabi/7.2.1/../../../../arm-none-eabi/lib/thumb/v6-m\libm.a
START GROUP
LOAD c:/users/user/appdata/local/arduino15/packages/arduino/tools/arm-none-eabi-gcc/7-2017q4/bin/../lib/gcc/arm-none-eabi/7.2.1/thumb/v6-m\libgcc.a
LOAD c:/users/user/appdata/local/arduino15/packages/arduino/tools/arm-none-eabi-gcc/7-2017q4/bin/../lib/gcc/arm-none-eabi/7.2.1/../../../../arm-none-eabi/lib/thumb/v6-m\libc_nano.a
END GROUP
START GROUP
LOAD c:/users/user/appdata/local/arduino15/packages/arduino/tools/arm-none-eabi-gcc/7-2017q4/bin/../lib/gcc/arm-none-eabi/7.2.1/thumb/v6-m\libgcc.a
LOAD c:/users/user/appdata/local/arduino15/packages/arduino/tools/arm-none-eabi-gcc/7-2017q4/bin/../lib/gcc/arm-none-eabi/7.2.1/../../../../arm-none-eabi/lib/thumb/v6-m\libc_nano.a
LOAD c:/users/user/appdata/local/arduino15/packages/arduino/tools/arm-none-eabi-gcc/7-2017q4/bin/../lib/gcc/arm-none-eabi/7.2.1/../../../../arm-none-eabi/lib/thumb/v6-m\libnosys.a
END GROUP
START GROUP
LOAD c:/users/user/appdata/local/arduino15/packages/arduino/tools/arm-none-eabi-gcc/7-2017q4/bin/../lib/gcc/arm-none-eabi/7.2.1/thumb/v6-m\libgcc.a
LOAD c:/users/user/appdata/local/arduino15/packages/arduino/tools/arm-none-eabi-gcc/7-2017q4/bin/../lib/gcc/arm-none-eabi/7.2.1/../../../../arm-none-eabi/lib/thumb/v6-m\libc_nano.a
LOAD c:/users/user/appdata/local/arduino15/packages/arduino/tools/arm-none-eabi-gcc/7-2017q4/bin/../lib/gcc/arm-none-eabi/7.2.1/../../../../arm-none-eabi/lib/thumb/v6-m\libnosys.a
END GROUP
LOAD c:/users/user/appdata/local/arduino15/packages/arduino/tools/arm-none-eabi-gcc/7-2017q4/bin/../lib/gcc/arm-none-eabi/7.2.1/thumb/v6-m/crtend.o
LOAD c:/users/user/appdata/local/arduino15/packages/arduino/tools/arm-none-eabi-gcc/7-2017q4/bin/../lib/gcc/arm-none-eabi/7.2.1/thumb/v6-m/crtn.o

.text           0x00002000     0x6114
                0x00002000                __text_start__ = .
 *(.sketch_boot)
                0x00002000                . = ALIGN (0x2000)
 *(.isr_vector)
 .isr_vector    0x00002000       0xb4 C:\Users\user\Documents\Arduino\test\build/..\..\..\..\AppData\Local\Temp\arduino\cores\arduino_samd_nano_33_iot_e2ce119f1188dca056bb4156d2541080\core.a(cortex_handlers.c.o)
                0x00002000                exception_table
 *(.text*)
 .text          0x000020b4       0x48 c:/users/user/appdata/local/arduino15/packages/arduino/tools/arm-none-eabi-gcc/7-2017q4/bin/../lib/gcc/arm-none-eabi/7.2.1/thumb/v6-m/crtbegin.o
 .text.crc_accumulate
                0x000020fc       0x20 C:\Users\user\Documents\Arduino\test\build\sketch\test.ino.cpp.o
 .text.mavlink_update_checksum
                0x0000211c       0x24 C:\Users\user\Documents\Arduino\test\build\sketch\test.ino.cpp.o
 .text.mavlink_sha256_update
                0x00002140      0x1cc C:\Users\user\Documents\Arduino\test\build\sketch\test.ino.cpp.o
 .text.mavlink_sha256_final_48
                0x0000230c       0x72 C:\Users\user\Documents\Arduino\test\build\sketch\test.ino.cpp.o
 *fill*         0x0000237e        0x2 
 .text.mavlink_finalize_message_buffer.constprop.9
                0x00002380      0x214 C:\Users\user\Documents\Arduino\test\build\sketch\test.ino.cpp.o
 .text.mavlink_msg_to_send_buffer
                0x00002594       0xbc C:\Users\user\Documents\Arduino\test\build\sketch\test.ino.cpp.o
 .text.mavlink_parse_char.constprop.5
                0x00002650      0x510 C:\Users\user\Documents\Arduino\test\build\sketch\test.ino.cpp.o
 .text.setup    0x00002b60       0x34 C:\Users\user\Documents\Arduino\test\build\sketch\test.ino.cpp.o
                0x00002b60                setup
 .text._Z10getPX4Timeb
                0x00002b94      0x140 C:\Users\user\Documents\Arduino\test\build\sketch\test.ino.cpp.o
                0x00002b94                getPX4Time(bool)
 .text.loop     0x00002cd4        0xa C:\Users\user\Documents\Arduino\test\build\sketch\test.ino.cpp.o
                0x00002cd4                loop
 .text._ZN12SPIClassSAMD8transferEPvj
                0x00002cde       0x1e C:\Users\user\Documents\Arduino\test\build\libraries\SPI\SPI.cpp.o
                0x00002cde                SPIClassSAMD::transfer(void*, unsigned int)
 .text._ZN12SPIClassSAMD15attachInterruptEv
                0x00002cfc        0x2 C:\Users\user\Documents\Arduino\test\build\libraries\SPI\SPI.cpp.o
                0x00002cfc                SPIClassSAMD::detachInterrupt()
                0x00002cfc                SPIClassSAMD::attachInterrupt()
 .text._ZN12SPIClassSAMDD2Ev
                0x00002cfe        0x2 C:\Users\user\Documents\Arduino\test\build\libraries\SPI\SPI.cpp.o
                0x00002cfe                SPIClassSAMD::~SPIClassSAMD()
                0x00002cfe                SPIClassSAMD::~SPIClassSAMD()
 .text._ZN12SPIClassSAMD3endEv
                0x00002d00       0x10 C:\Users\user\Documents\Arduino\test\build\libraries\SPI\SPI.cpp.o
                0x00002d00                SPIClassSAMD::end()
 .text._ZN12SPIClassSAMD8transferEh
                0x00002d10        0xa C:\Users\user\Documents\Arduino\test\build\libraries\SPI\SPI.cpp.o
                0x00002d10                SPIClassSAMD::transfer(unsigned char)
 .text._ZN12SPIClassSAMD10transfer16Et
                0x00002d1a       0x58 C:\Users\user\Documents\Arduino\test\build\libraries\SPI\SPI.cpp.o
                0x00002d1a                SPIClassSAMD::transfer16(unsigned short)
 .text._ZN12SPIClassSAMDD0Ev
                0x00002d72        0xc C:\Users\user\Documents\Arduino\test\build\libraries\SPI\SPI.cpp.o
                0x00002d72                SPIClassSAMD::~SPIClassSAMD()
 *fill*         0x00002d7e        0x2 
 .text._ZN12SPIClassSAMD14usingInterruptEi
                0x00002d80       0x44 C:\Users\user\Documents\Arduino\test\build\libraries\SPI\SPI.cpp.o
                0x00002d80                SPIClassSAMD::usingInterrupt(int)
 .text._ZN12SPIClassSAMD17notUsingInterruptEi
                0x00002dc4       0x3c C:\Users\user\Documents\Arduino\test\build\libraries\SPI\SPI.cpp.o
                0x00002dc4                SPIClassSAMD::notUsingInterrupt(int)
 .text._ZN12SPIClassSAMD14endTransactionEv
                0x00002e00       0x28 C:\Users\user\Documents\Arduino\test\build\libraries\SPI\SPI.cpp.o
                0x00002e00                SPIClassSAMD::endTransaction()
 .text._ZN12SPIClassSAMD4initEv
                0x00002e28       0x12 C:\Users\user\Documents\Arduino\test\build\libraries\SPI\SPI.cpp.o
                0x00002e28                SPIClassSAMD::init()
 *fill*         0x00002e3a        0x2 
 .text._ZN12SPIClassSAMD6configEN7arduino11SPISettingsE
                0x00002e3c       0x74 C:\Users\user\Documents\Arduino\test\build\libraries\SPI\SPI.cpp.o
                0x00002e3c                SPIClassSAMD::config(arduino::SPISettings)
 .text._ZN12SPIClassSAMD5beginEv
                0x00002eb0       0x50 C:\Users\user\Documents\Arduino\test\build\libraries\SPI\SPI.cpp.o
                0x00002eb0                SPIClassSAMD::begin()
 .text._ZN12SPIClassSAMD16beginTransactionEN7arduino11SPISettingsE
                0x00002f00       0x38 C:\Users\user\Documents\Arduino\test\build\libraries\SPI\SPI.cpp.o
                0x00002f00                SPIClassSAMD::beginTransaction(arduino::SPISettings)
 .text.startup._GLOBAL__sub_I__ZN12SPIClassSAMDC2EP6SERCOMhhh14SercomSpiTXPad11SercomRXPad
                0x00002f38       0x98 C:\Users\user\Documents\Arduino\test\build\libraries\SPI\SPI.cpp.o
 .text.initVariant
                0x00002fd0       0x24 C:\Users\user\Documents\Arduino\test\build\core\variant.cpp.o
                0x00002fd0                initVariant
 .text.startup._GLOBAL__sub_I_g_APinDescription
                0x00002ff4       0x64 C:\Users\user\Documents\Arduino\test\build\core\variant.cpp.o
 .text._ZN6SERCOMC2EP6Sercom
                0x00003058        0x8 C:\Users\user\Documents\Arduino\test\build/..\..\..\..\AppData\Local\Temp\arduino\cores\arduino_samd_nano_33_iot_e2ce119f1188dca056bb4156d2541080\core.a(SERCOM.cpp.o)
                0x00003058                SERCOM::SERCOM(Sercom*)
                0x00003058                SERCOM::SERCOM(Sercom*)
 .text._ZN6SERCOM12initSPIClockE18SercomSpiClockModem
                0x00003060       0x30 C:\Users\user\Documents\Arduino\test\build/..\..\..\..\AppData\Local\Temp\arduino\cores\arduino_samd_nano_33_iot_e2ce119f1188dca056bb4156d2541080\core.a(SERCOM.cpp.o)
                0x00003060                SERCOM::initSPIClock(SercomSpiClockMode, unsigned long)
 .text._ZN6SERCOM8resetSPIEv
                0x00003090       0x1a C:\Users\user\Documents\Arduino\test\build/..\..\..\..\AppData\Local\Temp\arduino\cores\arduino_samd_nano_33_iot_e2ce119f1188dca056bb4156d2541080\core.a(SERCOM.cpp.o)
                0x00003090                SERCOM::resetSPI()
 .text._ZN6SERCOM9enableSPIEv
                0x000030aa       0x14 C:\Users\user\Documents\Arduino\test\build/..\..\..\..\AppData\Local\Temp\arduino\cores\arduino_samd_nano_33_iot_e2ce119f1188dca056bb4156d2541080\core.a(SERCOM.cpp.o)
                0x000030aa                SERCOM::enableSPI()
 .text._ZN6SERCOM10disableSPIEv
                0x000030be       0x12 C:\Users\user\Documents\Arduino\test\build/..\..\..\..\AppData\Local\Temp\arduino\cores\arduino_samd_nano_33_iot_e2ce119f1188dca056bb4156d2541080\core.a(SERCOM.cpp.o)
                0x000030be                SERCOM::disableSPI()
 .text._ZN6SERCOM15getDataOrderSPIEv
                0x000030d0        0xa C:\Users\user\Documents\Arduino\test\build/..\..\..\..\AppData\Local\Temp\arduino\cores\arduino_samd_nano_33_iot_e2ce119f1188dca056bb4156d2541080\core.a(SERCOM.cpp.o)
                0x000030d0                SERCOM::getDataOrderSPI()
 .text._ZN6SERCOM15transferDataSPIEh
                0x000030da       0x1a C:\Users\user\Documents\Arduino\test\build/..\..\..\..\AppData\Local\Temp\arduino\cores\arduino_samd_nano_33_iot_e2ce119f1188dca056bb4156d2541080\core.a(SERCOM.cpp.o)
                0x000030da                SERCOM::transferDataSPI(unsigned char)
 .text._ZN6SERCOM13initClockNVICEv
                0x000030f4       0xa8 C:\Users\user\Documents\Arduino\test\build/..\..\..\..\AppData\Local\Temp\arduino\cores\arduino_samd_nano_33_iot_e2ce119f1188dca056bb4156d2541080\core.a(SERCOM.cpp.o)
                0x000030f4                SERCOM::initClockNVIC()
 .text._ZN6SERCOM7initSPIE14SercomSpiTXPad11SercomRXPad17SercomSpiCharSize15SercomDataOrder
                0x0000319c       0x4a C:\Users\user\Documents\Arduino\test\build/..\..\..\..\AppData\Local\Temp\arduino\cores\arduino_samd_nano_33_iot_e2ce119f1188dca056bb4156d2541080\core.a(SERCOM.cpp.o)
                0x0000319c                SERCOM::initSPI(SercomSpiTXPad, SercomRXPad, SercomSpiCharSize, SercomDataOrder)
 .text._ZN7Serial_13getDescriptorERN7arduino8USBSetupE
                0x000031e6        0x4 C:\Users\user\Documents\Arduino\test\build/..\..\..\..\AppData\Local\Temp\arduino\cores\arduino_samd_nano_33_iot_e2ce119f1188dca056bb4156d2541080\core.a(CDC.cpp.o)
                0x000031e6                Serial_::getDescriptor(arduino::USBSetup&)
 .text._ZL5utox8mPc
                0x000031ea       0x24 C:\Users\user\Documents\Arduino\test\build/..\..\..\..\AppData\Local\Temp\arduino\cores\arduino_samd_nano_33_iot_e2ce119f1188dca056bb4156d2541080\core.a(CDC.cpp.o)
 *fill*         0x0000320e        0x2 
 .text._ZN7Serial_12getShortNameEPc
                0x00003210       0x44 C:\Users\user\Documents\Arduino\test\build/..\..\..\..\AppData\Local\Temp\arduino\cores\arduino_samd_nano_33_iot_e2ce119f1188dca056bb4156d2541080\core.a(CDC.cpp.o)
                0x00003210                Serial_::getShortName(char*)
 .text._ZThn16_N7Serial_12getShortNameEPc
                0x00003254       0x10 C:\Users\user\Documents\Arduino\test\build/..\..\..\..\AppData\Local\Temp\arduino\cores\arduino_samd_nano_33_iot_e2ce119f1188dca056bb4156d2541080\core.a(CDC.cpp.o)
                0x00003254                non-virtual thunk to Serial_::getShortName(char*)
 .text._ZN7Serial_5beginEm
                0x00003264        0x2 C:\Users\user\Documents\Arduino\test\build/..\..\..\..\AppData\Local\Temp\arduino\cores\arduino_samd_nano_33_iot_e2ce119f1188dca056bb4156d2541080\core.a(CDC.cpp.o)
                0x00003264                Serial_::begin(unsigned long)
 .text._ZN7Serial_5beginEmt
                0x00003266        0x2 C:\Users\user\Documents\Arduino\test\build/..\..\..\..\AppData\Local\Temp\arduino\cores\arduino_samd_nano_33_iot_e2ce119f1188dca056bb4156d2541080\core.a(CDC.cpp.o)
                0x00003266                Serial_::begin(unsigned long, unsigned short)
 .text._ZN7Serial_17availableForWriteEv
                0x00003268        0x4 C:\Users\user\Documents\Arduino\test\build/..\..\..\..\AppData\Local\Temp\arduino\cores\arduino_samd_nano_33_iot_e2ce119f1188dca056bb4156d2541080\core.a(CDC.cpp.o)
                0x00003268                Serial_::availableForWrite()
 .text._ZN7Serial_5writeEh
                0x0000326c       0x14 C:\Users\user\Documents\Arduino\test\build/..\..\..\..\AppData\Local\Temp\arduino\cores\arduino_samd_nano_33_iot_e2ce119f1188dca056bb4156d2541080\core.a(CDC.cpp.o)
                0x0000326c                Serial_::write(unsigned char)
 .text._ZN7Serial_12getInterfaceEPh
                0x00003280      0x11c C:\Users\user\Documents\Arduino\test\build/..\..\..\..\AppData\Local\Temp\arduino\cores\arduino_samd_nano_33_iot_e2ce119f1188dca056bb4156d2541080\core.a(CDC.cpp.o)
                0x00003280                Serial_::getInterface(unsigned char*)
 .text._ZThn16_N7Serial_12getInterfaceEPh
                0x0000339c       0x10 C:\Users\user\Documents\Arduino\test\build/..\..\..\..\AppData\Local\Temp\arduino\cores\arduino_samd_nano_33_iot_e2ce119f1188dca056bb4156d2541080\core.a(CDC.cpp.o)
                0x0000339c                non-virtual thunk to Serial_::getInterface(unsigned char*)
 .text._ZN7Serial_5setupERN7arduino8USBSetupE
                0x000033ac       0x98 C:\Users\user\Documents\Arduino\test\build/..\..\..\..\AppData\Local\Temp\arduino\cores\arduino_samd_nano_33_iot_e2ce119f1188dca056bb4156d2541080\core.a(CDC.cpp.o)
                0x000033ac                Serial_::setup(arduino::USBSetup&)
 .text._ZThn16_N7Serial_5setupERN7arduino8USBSetupE
                0x00003444       0x10 C:\Users\user\Documents\Arduino\test\build/..\..\..\..\AppData\Local\Temp\arduino\cores\arduino_samd_nano_33_iot_e2ce119f1188dca056bb4156d2541080\core.a(CDC.cpp.o)
                0x00003444                non-virtual thunk to Serial_::setup(arduino::USBSetup&)
 .text._ZN7Serial_3endEv
                0x00003454       0x14 C:\Users\user\Documents\Arduino\test\build/..\..\..\..\AppData\Local\Temp\arduino\cores\arduino_samd_nano_33_iot_e2ce119f1188dca056bb4156d2541080\core.a(CDC.cpp.o)
                0x00003454                Serial_::end()
 .text._ZN7Serial_9availableEv
                0x00003468       0x20 C:\Users\user\Documents\Arduino\test\build/..\..\..\..\AppData\Local\Temp\arduino\cores\arduino_samd_nano_33_iot_e2ce119f1188dca056bb4156d2541080\core.a(CDC.cpp.o)
                0x00003468                Serial_::available()
 .text._ZN7Serial_5flushEv
                0x00003488        0xe C:\Users\user\Documents\Arduino\test\build/..\..\..\..\AppData\Local\Temp\arduino\cores\arduino_samd_nano_33_iot_e2ce119f1188dca056bb4156d2541080\core.a(CDC.cpp.o)
                0x00003488                Serial_::flush()
 .text._ZN7Serial_5clearEv
                0x00003496        0xe C:\Users\user\Documents\Arduino\test\build/..\..\..\..\AppData\Local\Temp\arduino\cores\arduino_samd_nano_33_iot_e2ce119f1188dca056bb4156d2541080\core.a(CDC.cpp.o)
                0x00003496                Serial_::clear()
 .text._ZN7Serial_5writeEPKhj
                0x000034a4       0x1e C:\Users\user\Documents\Arduino\test\build/..\..\..\..\AppData\Local\Temp\arduino\cores\arduino_samd_nano_33_iot_e2ce119f1188dca056bb4156d2541080\core.a(CDC.cpp.o)
                0x000034a4                Serial_::write(unsigned char const*, unsigned int)
 *fill*         0x000034c2        0x2 
 .text._ZN7Serial_4peekEv
                0x000034c4       0x1c C:\Users\user\Documents\Arduino\test\build/..\..\..\..\AppData\Local\Temp\arduino\cores\arduino_samd_nano_33_iot_e2ce119f1188dca056bb4156d2541080\core.a(CDC.cpp.o)
                0x000034c4                Serial_::peek()
 .text._ZN7Serial_4readEv
                0x000034e0       0x24 C:\Users\user\Documents\Arduino\test\build/..\..\..\..\AppData\Local\Temp\arduino\cores\arduino_samd_nano_33_iot_e2ce119f1188dca056bb4156d2541080\core.a(CDC.cpp.o)
                0x000034e0                Serial_::read()
 .text._ZN7Serial_cvbEv
                0x00003504       0x28 C:\Users\user\Documents\Arduino\test\build/..\..\..\..\AppData\Local\Temp\arduino\cores\arduino_samd_nano_33_iot_e2ce119f1188dca056bb4156d2541080\core.a(CDC.cpp.o)
                0x00003504                Serial_::operator bool()
 .text._ZThn16_N7Serial_13getDescriptorERN7arduino8USBSetupE
                0x0000352c        0x4 C:\Users\user\Documents\Arduino\test\build/..\..\..\..\AppData\Local\Temp\arduino\cores\arduino_samd_nano_33_iot_e2ce119f1188dca056bb4156d2541080\core.a(CDC.cpp.o)
                0x0000352c                non-virtual thunk to Serial_::getDescriptor(arduino::USBSetup&)
 .text.resetExternalChip
                0x00003530        0x2 C:\Users\user\Documents\Arduino\test\build/..\..\..\..\AppData\Local\Temp\arduino\cores\arduino_samd_nano_33_iot_e2ce119f1188dca056bb4156d2541080\core.a(CDC.cpp.o)
                0x00003530                resetExternalChip
 .text._ZN7Serial_14handleEndpointEi
                0x00003532        0x2 C:\Users\user\Documents\Arduino\test\build/..\..\..\..\AppData\Local\Temp\arduino\cores\arduino_samd_nano_33_iot_e2ce119f1188dca056bb4156d2541080\core.a(CDC.cpp.o)
                0x00003532                Serial_::handleEndpoint(int)
 .text._ZN7Serial_C2ER14USBDeviceClass
                0x00003534       0x50 C:\Users\user\Documents\Arduino\test\build/..\..\..\..\AppData\Local\Temp\arduino\cores\arduino_samd_nano_33_iot_e2ce119f1188dca056bb4156d2541080\core.a(CDC.cpp.o)
                0x00003534                Serial_::Serial_(USBDeviceClass&)
                0x00003534                Serial_::Serial_(USBDeviceClass&)
 .text._ZN7Serial_15enableInterruptEv
                0x00003584       0x30 C:\Users\user\Documents\Arduino\test\build/..\..\..\..\AppData\Local\Temp\arduino\cores\arduino_samd_nano_33_iot_e2ce119f1188dca056bb4156d2541080\core.a(CDC.cpp.o)
                0x00003584                Serial_::enableInterrupt()
 .text.startup._GLOBAL__sub_I__ZN7Serial_12getInterfaceEPh
                0x000035b4       0x14 C:\Users\user\Documents\Arduino\test\build/..\..\..\..\AppData\Local\Temp\arduino\cores\arduino_samd_nano_33_iot_e2ce119f1188dca056bb4156d2541080\core.a(CDC.cpp.o)
 .text._ZN26DoubleBufferedEPOutHandlerD2Ev
                0x000035c8        0x2 C:\Users\user\Documents\Arduino\test\build/..\..\..\..\AppData\Local\Temp\arduino\cores\arduino_samd_nano_33_iot_e2ce119f1188dca056bb4156d2541080\core.a(USBCore.cpp.o)
                0x000035c8                DoubleBufferedEPOutHandler::~DoubleBufferedEPOutHandler()
                0x000035c8                DoubleBufferedEPOutHandler::~DoubleBufferedEPOutHandler()
 .text._ZN26DoubleBufferedEPOutHandlerD0Ev
                0x000035ca        0xc C:\Users\user\Documents\Arduino\test\build/..\..\..\..\AppData\Local\Temp\arduino\cores\arduino_samd_nano_33_iot_e2ce119f1188dca056bb4156d2541080\core.a(USBCore.cpp.o)
                0x000035ca                DoubleBufferedEPOutHandler::~DoubleBufferedEPOutHandler()
 *fill*         0x000035d6        0x2 
 .text._ZN14USBDeviceClass6initEPEmm.part.7
                0x000035d8       0xc4 C:\Users\user\Documents\Arduino\test\build/..\..\..\..\AppData\Local\Temp\arduino\cores\arduino_samd_nano_33_iot_e2ce119f1188dca056bb4156d2541080\core.a(USBCore.cpp.o)
 .text._ZN7__GuardC2Ev
                0x0000369c        0xe C:\Users\user\Documents\Arduino\test\build/..\..\..\..\AppData\Local\Temp\arduino\cores\arduino_samd_nano_33_iot_e2ce119f1188dca056bb4156d2541080\core.a(USBCore.cpp.o)
                0x0000369c                __Guard::__Guard()
                0x0000369c                __Guard::__Guard()
 .text._ZN7__GuardD2Ev
                0x000036aa        0xe C:\Users\user\Documents\Arduino\test\build/..\..\..\..\AppData\Local\Temp\arduino\cores\arduino_samd_nano_33_iot_e2ce119f1188dca056bb4156d2541080\core.a(USBCore.cpp.o)
                0x000036aa                __Guard::~__Guard()
                0x000036aa                __Guard::~__Guard()
 .text._ZNK26DoubleBufferedEPOutHandler10_availableEv
                0x000036b8       0x70 C:\Users\user\Documents\Arduino\test\build/..\..\..\..\AppData\Local\Temp\arduino\cores\arduino_samd_nano_33_iot_e2ce119f1188dca056bb4156d2541080\core.a(USBCore.cpp.o)
                0x000036b8                DoubleBufferedEPOutHandler::_available() const
 .text._ZN26DoubleBufferedEPOutHandler7releaseEv
                0x00003728       0x38 C:\Users\user\Documents\Arduino\test\build/..\..\..\..\AppData\Local\Temp\arduino\cores\arduino_samd_nano_33_iot_e2ce119f1188dca056bb4156d2541080\core.a(USBCore.cpp.o)
                0x00003728                DoubleBufferedEPOutHandler::release()
 .text._ZN26DoubleBufferedEPOutHandler14handleEndpointEv
                0x00003760       0xe2 C:\Users\user\Documents\Arduino\test\build/..\..\..\..\AppData\Local\Temp\arduino\cores\arduino_samd_nano_33_iot_e2ce119f1188dca056bb4156d2541080\core.a(USBCore.cpp.o)
                0x00003760                DoubleBufferedEPOutHandler::handleEndpoint()
 .text._ZN14USBDeviceClass14SendInterfacesEPm
                0x00003842       0x20 C:\Users\user\Documents\Arduino\test\build/..\..\..\..\AppData\Local\Temp\arduino\cores\arduino_samd_nano_33_iot_e2ce119f1188dca056bb4156d2541080\core.a(USBCore.cpp.o)
                0x00003842                USBDeviceClass::SendInterfaces(unsigned long*)
 *fill*         0x00003862        0x2 
 .text._ZN14USBDeviceClass6attachEv
                0x00003864       0x34 C:\Users\user\Documents\Arduino\test\build/..\..\..\..\AppData\Local\Temp\arduino\cores\arduino_samd_nano_33_iot_e2ce119f1188dca056bb4156d2541080\core.a(USBCore.cpp.o)
                0x00003864                USBDeviceClass::attach()
 .text._ZN14USBDeviceClass10setAddressEm
                0x00003898       0x48 C:\Users\user\Documents\Arduino\test\build/..\..\..\..\AppData\Local\Temp\arduino\cores\arduino_samd_nano_33_iot_e2ce119f1188dca056bb4156d2541080\core.a(USBCore.cpp.o)
                0x00003898                USBDeviceClass::setAddress(unsigned long)
 .text._ZN14USBDeviceClass25handleClassInterfaceSetupERN7arduino8USBSetupE
                0x000038e0       0x24 C:\Users\user\Documents\Arduino\test\build/..\..\..\..\AppData\Local\Temp\arduino\cores\arduino_samd_nano_33_iot_e2ce119f1188dca056bb4156d2541080\core.a(USBCore.cpp.o)
                0x000038e0                USBDeviceClass::handleClassInterfaceSetup(arduino::USBSetup&)
 .text._ZN14USBDeviceClass6initEPEmm
                0x00003904      0x10c C:\Users\user\Documents\Arduino\test\build/..\..\..\..\AppData\Local\Temp\arduino\cores\arduino_samd_nano_33_iot_e2ce119f1188dca056bb4156d2541080\core.a(USBCore.cpp.o)
                0x00003904                USBDeviceClass::initEP(unsigned long, unsigned long)
 .text._ZN14USBDeviceClass13initEndpointsEv
                0x00003a10       0x24 C:\Users\user\Documents\Arduino\test\build/..\..\..\..\AppData\Local\Temp\arduino\cores\arduino_samd_nano_33_iot_e2ce119f1188dca056bb4156d2541080\core.a(USBCore.cpp.o)
                0x00003a10                USBDeviceClass::initEndpoints()
 .text._ZN14USBDeviceClass5clearEm
                0x00003a34       0x38 C:\Users\user\Documents\Arduino\test\build/..\..\..\..\AppData\Local\Temp\arduino\cores\arduino_samd_nano_33_iot_e2ce119f1188dca056bb4156d2541080\core.a(USBCore.cpp.o)
                0x00003a34                USBDeviceClass::clear(unsigned long)
 .text._ZN14USBDeviceClass9availableEm
                0x00003a6c       0x2c C:\Users\user\Documents\Arduino\test\build/..\..\..\..\AppData\Local\Temp\arduino\cores\arduino_samd_nano_33_iot_e2ce119f1188dca056bb4156d2541080\core.a(USBCore.cpp.o)
                0x00003a6c                USBDeviceClass::available(unsigned long)
 .text._ZN14USBDeviceClass5flushEm
                0x00003a98       0x2c C:\Users\user\Documents\Arduino\test\build/..\..\..\..\AppData\Local\Temp\arduino\cores\arduino_samd_nano_33_iot_e2ce119f1188dca056bb4156d2541080\core.a(USBCore.cpp.o)
                0x00003a98                USBDeviceClass::flush(unsigned long)
 .text._ZN14USBDeviceClass4recvEmPvm
                0x00003ac4       0xc0 C:\Users\user\Documents\Arduino\test\build/..\..\..\..\AppData\Local\Temp\arduino\cores\arduino_samd_nano_33_iot_e2ce119f1188dca056bb4156d2541080\core.a(USBCore.cpp.o)
                0x00003ac4                USBDeviceClass::recv(unsigned long, void*, unsigned long)
 .text._ZN14USBDeviceClass4recvEm
                0x00003b84       0x1c C:\Users\user\Documents\Arduino\test\build/..\..\..\..\AppData\Local\Temp\arduino\cores\arduino_samd_nano_33_iot_e2ce119f1188dca056bb4156d2541080\core.a(USBCore.cpp.o)
                0x00003b84                USBDeviceClass::recv(unsigned long)
 .text._ZN14USBDeviceClass14armRecvCtrlOUTEm
                0x00003ba0       0x5c C:\Users\user\Documents\Arduino\test\build/..\..\..\..\AppData\Local\Temp\arduino\cores\arduino_samd_nano_33_iot_e2ce119f1188dca056bb4156d2541080\core.a(USBCore.cpp.o)
                0x00003ba0                USBDeviceClass::armRecvCtrlOUT(unsigned long)
 .text._ZN14USBDeviceClass11recvControlEPvm
                0x00003bfc       0x28 C:\Users\user\Documents\Arduino\test\build/..\..\..\..\AppData\Local\Temp\arduino\cores\arduino_samd_nano_33_iot_e2ce119f1188dca056bb4156d2541080\core.a(USBCore.cpp.o)
                0x00003bfc                USBDeviceClass::recvControl(void*, unsigned long)
 .text._ZN14USBDeviceClass4sendEmPKvm
                0x00003c24      0x10c C:\Users\user\Documents\Arduino\test\build/..\..\..\..\AppData\Local\Temp\arduino\cores\arduino_samd_nano_33_iot_e2ce119f1188dca056bb4156d2541080\core.a(USBCore.cpp.o)
                0x00003c24                USBDeviceClass::send(unsigned long, void const*, unsigned long)
 .text._ZN14USBDeviceClass7armSendEmPKvm
                0x00003d30       0x48 C:\Users\user\Documents\Arduino\test\build/..\..\..\..\AppData\Local\Temp\arduino\cores\arduino_samd_nano_33_iot_e2ce119f1188dca056bb4156d2541080\core.a(USBCore.cpp.o)
                0x00003d30                USBDeviceClass::armSend(unsigned long, void const*, unsigned long)
 .text._ZN14USBDeviceClass11sendControlEPKvm
                0x00003d78       0x54 C:\Users\user\Documents\Arduino\test\build/..\..\..\..\AppData\Local\Temp\arduino\cores\arduino_samd_nano_33_iot_e2ce119f1188dca056bb4156d2541080\core.a(USBCore.cpp.o)
                0x00003d78                USBDeviceClass::sendControl(void const*, unsigned long)
 .text._ZN14USBDeviceClass20sendStringDescriptorEPKhm
                0x00003dcc       0x64 C:\Users\user\Documents\Arduino\test\build/..\..\..\..\AppData\Local\Temp\arduino\cores\arduino_samd_nano_33_iot_e2ce119f1188dca056bb4156d2541080\core.a(USBCore.cpp.o)
                0x00003dcc                USBDeviceClass::sendStringDescriptor(unsigned char const*, unsigned long)
 .text._ZN14USBDeviceClass17sendConfigurationEm
                0x00003e30       0x80 C:\Users\user\Documents\Arduino\test\build/..\..\..\..\AppData\Local\Temp\arduino\cores\arduino_samd_nano_33_iot_e2ce119f1188dca056bb4156d2541080\core.a(USBCore.cpp.o)
                0x00003e30                USBDeviceClass::sendConfiguration(unsigned long)
 .text._ZN14USBDeviceClass14sendDescriptorERN7arduino8USBSetupE
                0x00003eb0       0xd8 C:\Users\user\Documents\Arduino\test\build/..\..\..\..\AppData\Local\Temp\arduino\cores\arduino_samd_nano_33_iot_e2ce119f1188dca056bb4156d2541080\core.a(USBCore.cpp.o)
                0x00003eb0                USBDeviceClass::sendDescriptor(arduino::USBSetup&)
 .text._ZN14USBDeviceClass7sendZlpEm
                0x00003f88       0x18 C:\Users\user\Documents\Arduino\test\build/..\..\..\..\AppData\Local\Temp\arduino\cores\arduino_samd_nano_33_iot_e2ce119f1188dca056bb4156d2541080\core.a(USBCore.cpp.o)
                0x00003f88                USBDeviceClass::sendZlp(unsigned long)
 .text._ZN14USBDeviceClass19handleStandardSetupERN7arduino8USBSetupE
                0x00003fa0       0xf0 C:\Users\user\Documents\Arduino\test\build/..\..\..\..\AppData\Local\Temp\arduino\cores\arduino_samd_nano_33_iot_e2ce119f1188dca056bb4156d2541080\core.a(USBCore.cpp.o)
                0x00003fa0                USBDeviceClass::handleStandardSetup(arduino::USBSetup&)
 .text._ZN14USBDeviceClass10ISRHandlerEv
                0x00004090      0x108 C:\Users\user\Documents\Arduino\test\build/..\..\..\..\AppData\Local\Temp\arduino\cores\arduino_samd_nano_33_iot_e2ce119f1188dca056bb4156d2541080\core.a(USBCore.cpp.o)
                0x00004090                USBDeviceClass::ISRHandler()
 .text.UDD_Handler
                0x00004198       0x10 C:\Users\user\Documents\Arduino\test\build/..\..\..\..\AppData\Local\Temp\arduino\cores\arduino_samd_nano_33_iot_e2ce119f1188dca056bb4156d2541080\core.a(USBCore.cpp.o)
                0x00004198                UDD_Handler
 .text._ZN7arduino13PluggableUSB_C2Ev
                0x000041a8       0x10 C:\Users\user\Documents\Arduino\test\build/..\..\..\..\AppData\Local\Temp\arduino\cores\arduino_samd_nano_33_iot_e2ce119f1188dca056bb4156d2541080\core.a(USBCore.cpp.o)
                0x000041a8                arduino::PluggableUSB_::PluggableUSB_()
                0x000041a8                arduino::PluggableUSB_::PluggableUSB_()
 .text._Z8epBufferj
                0x000041b8        0xc C:\Users\user\Documents\Arduino\test\build/..\..\..\..\AppData\Local\Temp\arduino\cores\arduino_samd_nano_33_iot_e2ce119f1188dca056bb4156d2541080\core.a(USBCore.cpp.o)
                0x000041b8                epBuffer(unsigned int)
 .text._ZN7arduino11RingBufferNILi64EE10store_charEh
                0x000041c4       0x1c C:\Users\user\Documents\Arduino\test\build/..\..\..\..\AppData\Local\Temp\arduino\cores\arduino_samd_nano_33_iot_e2ce119f1188dca056bb4156d2541080\core.a(USBCore.cpp.o)
                0x000041c4                arduino::RingBufferN<64>::store_char(unsigned char)
 .text._ZN26DoubleBufferedEPOutHandler5_recvEv
                0x000041e0      0x15e C:\Users\user\Documents\Arduino\test\build/..\..\..\..\AppData\Local\Temp\arduino\cores\arduino_samd_nano_33_iot_e2ce119f1188dca056bb4156d2541080\core.a(USBCore.cpp.o)
                0x000041e0                DoubleBufferedEPOutHandler::_recv()
 .text._ZN26DoubleBufferedEPOutHandler9availableEv
                0x0000433e        0xc C:\Users\user\Documents\Arduino\test\build/..\..\..\..\AppData\Local\Temp\arduino\cores\arduino_samd_nano_33_iot_e2ce119f1188dca056bb4156d2541080\core.a(USBCore.cpp.o)
                0x0000433e                DoubleBufferedEPOutHandler::available()
 .text._ZN26DoubleBufferedEPOutHandler4peekEv
                0x0000434a       0x1c C:\Users\user\Documents\Arduino\test\build/..\..\..\..\AppData\Local\Temp\arduino\cores\arduino_samd_nano_33_iot_e2ce119f1188dca056bb4156d2541080\core.a(USBCore.cpp.o)
                0x0000434a                DoubleBufferedEPOutHandler::peek()
 .text._ZN26DoubleBufferedEPOutHandler4recvEPvm
                0x00004366       0x60 C:\Users\user\Documents\Arduino\test\build/..\..\..\..\AppData\Local\Temp\arduino\cores\arduino_samd_nano_33_iot_e2ce119f1188dca056bb4156d2541080\core.a(USBCore.cpp.o)
                0x00004366                DoubleBufferedEPOutHandler::recv(void*, unsigned long)
 *fill*         0x000043c6        0x2 
 .text.startup._GLOBAL__sub_I_usbd
                0x000043c8       0x10 C:\Users\user\Documents\Arduino\test\build/..\..\..\..\AppData\Local\Temp\arduino\cores\arduino_samd_nano_33_iot_e2ce119f1188dca056bb4156d2541080\core.a(USBCore.cpp.o)
 .text._ZN14USBDeviceClass4initEv
                0x000043d8      0x15c C:\Users\user\Documents\Arduino\test\build/..\..\..\..\AppData\Local\Temp\arduino\cores\arduino_samd_nano_33_iot_e2ce119f1188dca056bb4156d2541080\core.a(USBCore.cpp.o)
                0x000043d8                USBDeviceClass::init()
 .text._ZN4Uart5beginEm
                0x00004534       0x10 C:\Users\user\Documents\Arduino\test\build/..\..\..\..\AppData\Local\Temp\arduino\cores\arduino_samd_nano_33_iot_e2ce119f1188dca056bb4156d2541080\core.a(Uart.cpp.o)
                0x00004534                Uart::begin(unsigned long)
 .text._ZN4Uart9availableEv
                0x00004544        0x6 C:\Users\user\Documents\Arduino\test\build/..\..\..\..\AppData\Local\Temp\arduino\cores\arduino_samd_nano_33_iot_e2ce119f1188dca056bb4156d2541080\core.a(Uart.cpp.o)
                0x00004544                Uart::available()
 .text._ZN7arduino15SafeRingBufferNILi256EE9read_charEv
                0x0000454a       0x50 C:\Users\user\Documents\Arduino\test\build/..\..\..\..\AppData\Local\Temp\arduino\cores\arduino_samd_nano_33_iot_e2ce119f1188dca056bb4156d2541080\core.a(Uart.cpp.o)
                0x0000454a                arduino::SafeRingBufferN<256>::read_char()
 .text._ZN4Uart4readEv
                0x0000459a       0x34 C:\Users\user\Documents\Arduino\test\build/..\..\..\..\AppData\Local\Temp\arduino\cores\arduino_samd_nano_33_iot_e2ce119f1188dca056bb4156d2541080\core.a(Uart.cpp.o)
                0x0000459a                Uart::read()
 .text._ZN7arduino13PluggableUSB_12getInterfaceEPh
                0x000045ce       0x28 C:\Users\user\Documents\Arduino\test\build/..\..\..\..\AppData\Local\Temp\arduino\cores\arduino_samd_nano_33_iot_e2ce119f1188dca056bb4156d2541080\core.a(PluggableUSB.cpp.o)
                0x000045ce                arduino::PluggableUSB_::getInterface(unsigned char*)
 .text._ZN7arduino13PluggableUSB_13getDescriptorERNS_8USBSetupE
                0x000045f6       0x20 C:\Users\user\Documents\Arduino\test\build/..\..\..\..\AppData\Local\Temp\arduino\cores\arduino_samd_nano_33_iot_e2ce119f1188dca056bb4156d2541080\core.a(PluggableUSB.cpp.o)
                0x000045f6                arduino::PluggableUSB_::getDescriptor(arduino::USBSetup&)
 .text._ZN7arduino13PluggableUSB_12getShortNameEPc
                0x00004616       0x1e C:\Users\user\Documents\Arduino\test\build/..\..\..\..\AppData\Local\Temp\arduino\cores\arduino_samd_nano_33_iot_e2ce119f1188dca056bb4156d2541080\core.a(PluggableUSB.cpp.o)
                0x00004616                arduino::PluggableUSB_::getShortName(char*)
 .text._ZN7arduino13PluggableUSB_5setupERNS_8USBSetupE
                0x00004634       0x20 C:\Users\user\Documents\Arduino\test\build/..\..\..\..\AppData\Local\Temp\arduino\cores\arduino_samd_nano_33_iot_e2ce119f1188dca056bb4156d2541080\core.a(PluggableUSB.cpp.o)
                0x00004634                arduino::PluggableUSB_::setup(arduino::USBSetup&)
 .text._ZN7arduino13PluggableUSB_4plugEPNS_18PluggableUSBModuleE
                0x00004654       0x5c C:\Users\user\Documents\Arduino\test\build/..\..\..\..\AppData\Local\Temp\arduino\cores\arduino_samd_nano_33_iot_e2ce119f1188dca056bb4156d2541080\core.a(PluggableUSB.cpp.o)
                0x00004654                arduino::PluggableUSB_::plug(arduino::PluggableUSBModule*)
 .text._Z12PluggableUSBv
                0x000046b0       0x24 C:\Users\user\Documents\Arduino\test\build/..\..\..\..\AppData\Local\Temp\arduino\cores\arduino_samd_nano_33_iot_e2ce119f1188dca056bb4156d2541080\core.a(PluggableUSB.cpp.o)
                0x000046b0                PluggableUSB()
 .text._ZN7arduino5Print5writeEPKhj
                0x000046d4       0x28 C:\Users\user\Documents\Arduino\test\build/..\..\..\..\AppData\Local\Temp\arduino\cores\arduino_samd_nano_33_iot_e2ce119f1188dca056bb4156d2541080\core.a(Print.cpp.o)
                0x000046d4                arduino::Print::write(unsigned char const*, unsigned int)
 .text._ZN7arduino5Print5writeEPKc.part.2
                0x000046fc       0x1a C:\Users\user\Documents\Arduino\test\build/..\..\..\..\AppData\Local\Temp\arduino\cores\arduino_samd_nano_33_iot_e2ce119f1188dca056bb4156d2541080\core.a(Print.cpp.o)
 .text._ZN7arduino5Print5writeEPKc
                0x00004716       0x10 C:\Users\user\Documents\Arduino\test\build/..\..\..\..\AppData\Local\Temp\arduino\cores\arduino_samd_nano_33_iot_e2ce119f1188dca056bb4156d2541080\core.a(Print.cpp.o)
                0x00004716                arduino::Print::write(char const*)
 .text._ZN7arduino5Print5printEPKc
                0x00004726        0x8 C:\Users\user\Documents\Arduino\test\build/..\..\..\..\AppData\Local\Temp\arduino\cores\arduino_samd_nano_33_iot_e2ce119f1188dca056bb4156d2541080\core.a(Print.cpp.o)
                0x00004726                arduino::Print::print(char const*)
 .text._ZN7arduino5Print5printEc
                0x0000472e        0xa C:\Users\user\Documents\Arduino\test\build/..\..\..\..\AppData\Local\Temp\arduino\cores\arduino_samd_nano_33_iot_e2ce119f1188dca056bb4156d2541080\core.a(Print.cpp.o)
                0x0000472e                arduino::Print::print(char)
 .text._ZN7arduino5Print7printlnEv
                0x00004738       0x10 C:\Users\user\Documents\Arduino\test\build/..\..\..\..\AppData\Local\Temp\arduino\cores\arduino_samd_nano_33_iot_e2ce119f1188dca056bb4156d2541080\core.a(Print.cpp.o)
                0x00004738                arduino::Print::println()
 .text._ZN7arduino5Print7printlnEPKc
                0x00004748       0x14 C:\Users\user\Documents\Arduino\test\build/..\..\..\..\AppData\Local\Temp\arduino\cores\arduino_samd_nano_33_iot_e2ce119f1188dca056bb4156d2541080\core.a(Print.cpp.o)
                0x00004748                arduino::Print::println(char const*)
 .text._ZN7arduino5Print11printNumberEmh
                0x0000475c       0x48 C:\Users\user\Documents\Arduino\test\build/..\..\..\..\AppData\Local\Temp\arduino\cores\arduino_samd_nano_33_iot_e2ce119f1188dca056bb4156d2541080\core.a(Print.cpp.o)
                0x0000475c                arduino::Print::printNumber(unsigned long, unsigned char)
 .text._ZN7arduino5Print10printFloatEdi
                0x000047a4      0x170 C:\Users\user\Documents\Arduino\test\build/..\..\..\..\AppData\Local\Temp\arduino\cores\arduino_samd_nano_33_iot_e2ce119f1188dca056bb4156d2541080\core.a(Print.cpp.o)
                0x000047a4                arduino::Print::printFloat(double, int)
 .text._ZN7arduino5Print7printlnEdi
                0x00004914       0x18 C:\Users\user\Documents\Arduino\test\build/..\..\..\..\AppData\Local\Temp\arduino\cores\arduino_samd_nano_33_iot_e2ce119f1188dca056bb4156d2541080\core.a(Print.cpp.o)
                0x00004914                arduino::Print::println(double, int)
 .text.Dummy_Handler
                0x0000492c        0x2 C:\Users\user\Documents\Arduino\test\build/..\..\..\..\AppData\Local\Temp\arduino\cores\arduino_samd_nano_33_iot_e2ce119f1188dca056bb4156d2541080\core.a(cortex_handlers.c.o)
                0x0000492c                DMAC_Handler
                0x0000492c                HardFault_Handler
                0x0000492c                AC_Handler
                0x0000492c                PendSV_Handler
                0x0000492c                NMI_Handler
                0x0000492c                TC7_Handler
                0x0000492c                SERCOM1_Handler
                0x0000492c                ADC_Handler
                0x0000492c                TCC1_Handler
                0x0000492c                SERCOM2_Handler
                0x0000492c                TCC0_Handler
                0x0000492c                RTC_Handler
                0x0000492c                EIC_Handler
                0x0000492c                TC6_Handler
                0x0000492c                WDT_Handler
                0x0000492c                TC4_Handler
                0x0000492c                TC3_Handler
                0x0000492c                Dummy_Handler
                0x0000492c                PM_Handler
                0x0000492c                SERCOM5_Handler
                0x0000492c                SVC_Handler
                0x0000492c                TCC2_Handler
                0x0000492c                EVSYS_Handler
                0x0000492c                SERCOM3_Handler
                0x0000492c                SERCOM4_Handler
                0x0000492c                I2S_Handler
                0x0000492c                NVMCTRL_Handler
                0x0000492c                SERCOM0_Handler
                0x0000492c                DAC_Handler
                0x0000492c                PTC_Handler
                0x0000492c                SYSCTRL_Handler
 *fill*         0x0000492e        0x2 
 .text.USB_Handler
                0x00004930       0x14 C:\Users\user\Documents\Arduino\test\build/..\..\..\..\AppData\Local\Temp\arduino\cores\arduino_samd_nano_33_iot_e2ce119f1188dca056bb4156d2541080\core.a(cortex_handlers.c.o)
                0x00004930                USB_Handler
 .text.Reset_Handler
                0x00004944       0x54 C:\Users\user\Documents\Arduino\test\build/..\..\..\..\AppData\Local\Temp\arduino\cores\arduino_samd_nano_33_iot_e2ce119f1188dca056bb4156d2541080\core.a(cortex_handlers.c.o)
                0x00004944                Reset_Handler
 .text.SysTick_Handler
                0x00004998       0x10 C:\Users\user\Documents\Arduino\test\build/..\..\..\..\AppData\Local\Temp\arduino\cores\arduino_samd_nano_33_iot_e2ce119f1188dca056bb4156d2541080\core.a(cortex_handlers.c.o)
                0x00004998                SysTick_Handler
 .text.USB_SetHandler
                0x000049a8        0xc C:\Users\user\Documents\Arduino\test\build/..\..\..\..\AppData\Local\Temp\arduino\cores\arduino_samd_nano_33_iot_e2ce119f1188dca056bb4156d2541080\core.a(cortex_handlers.c.o)
                0x000049a8                USB_SetHandler
 .text.millis   0x000049b4        0xc C:\Users\user\Documents\Arduino\test\build/..\..\..\..\AppData\Local\Temp\arduino\cores\arduino_samd_nano_33_iot_e2ce119f1188dca056bb4156d2541080\core.a(delay.c.o)
                0x000049b4                millis
 .text.micros   0x000049c0       0x60 C:\Users\user\Documents\Arduino\test\build/..\..\..\..\AppData\Local\Temp\arduino\cores\arduino_samd_nano_33_iot_e2ce119f1188dca056bb4156d2541080\core.a(delay.c.o)
                0x000049c0                micros
 .text.delay    0x00004a20       0x30 C:\Users\user\Documents\Arduino\test\build/..\..\..\..\AppData\Local\Temp\arduino\cores\arduino_samd_nano_33_iot_e2ce119f1188dca056bb4156d2541080\core.a(delay.c.o)
                0x00004a20                delay
 .text.SysTick_DefaultHandler
                0x00004a50       0x14 C:\Users\user\Documents\Arduino\test\build/..\..\..\..\AppData\Local\Temp\arduino\cores\arduino_samd_nano_33_iot_e2ce119f1188dca056bb4156d2541080\core.a(delay.c.o)
                0x00004a50                SysTick_DefaultHandler
 .text.__empty  0x00004a64        0x2 C:\Users\user\Documents\Arduino\test\build/..\..\..\..\AppData\Local\Temp\arduino\cores\arduino_samd_nano_33_iot_e2ce119f1188dca056bb4156d2541080\core.a(hooks.c.o)
                0x00004a64                yield
 .text.__false  0x00004a66        0x4 C:\Users\user\Documents\Arduino\test\build/..\..\..\..\AppData\Local\Temp\arduino\cores\arduino_samd_nano_33_iot_e2ce119f1188dca056bb4156d2541080\core.a(hooks.c.o)
                0x00004a66                sysTickHook
 *fill*         0x00004a6a        0x2 
 .text.startup.main
                0x00004a6c       0x40 C:\Users\user\Documents\Arduino\test\build/..\..\..\..\AppData\Local\Temp\arduino\cores\arduino_samd_nano_33_iot_e2ce119f1188dca056bb4156d2541080\core.a(main.cpp.o)
                0x00004a6c                main
 .text._Znwj    0x00004aac        0x8 C:\Users\user\Documents\Arduino\test\build/..\..\..\..\AppData\Local\Temp\arduino\cores\arduino_samd_nano_33_iot_e2ce119f1188dca056bb4156d2541080\core.a(new.cpp.o)
                0x00004aac                operator new(unsigned int)
 .text._ZdlPv   0x00004ab4        0x8 C:\Users\user\Documents\Arduino\test\build/..\..\..\..\AppData\Local\Temp\arduino\cores\arduino_samd_nano_33_iot_e2ce119f1188dca056bb4156d2541080\core.a(new.cpp.o)
                0x00004ab4                operator delete(void*)
 .text.SystemInit
                0x00004abc      0x194 C:\Users\user\Documents\Arduino\test\build/..\..\..\..\AppData\Local\Temp\arduino\cores\arduino_samd_nano_33_iot_e2ce119f1188dca056bb4156d2541080\core.a(startup.c.o)
                0x00004abc                SystemInit
 .text.init     0x00004c50       0xf0 C:\Users\user\Documents\Arduino\test\build/..\..\..\..\AppData\Local\Temp\arduino\cores\arduino_samd_nano_33_iot_e2ce119f1188dca056bb4156d2541080\core.a(wiring.c.o)
                0x00004c50                init
 .text.analogReference
                0x00004d40       0x64 C:\Users\user\Documents\Arduino\test\build/..\..\..\..\AppData\Local\Temp\arduino\cores\arduino_samd_nano_33_iot_e2ce119f1188dca056bb4156d2541080\core.a(wiring_analog.c.o)
                0x00004d40                analogReference
 .text.pinMode  0x00004da4       0x98 C:\Users\user\Documents\Arduino\test\build/..\..\..\..\AppData\Local\Temp\arduino\cores\arduino_samd_nano_33_iot_e2ce119f1188dca056bb4156d2541080\core.a(wiring_digital.c.o)
                0x00004da4                pinMode
 .text.digitalWrite
                0x00004e3c       0x58 C:\Users\user\Documents\Arduino\test\build/..\..\..\..\AppData\Local\Temp\arduino\cores\arduino_samd_nano_33_iot_e2ce119f1188dca056bb4156d2541080\core.a(wiring_digital.c.o)
                0x00004e3c                digitalWrite
 .text.pinPeripheral
                0x00004e94       0xc0 C:\Users\user\Documents\Arduino\test\build/..\..\..\..\AppData\Local\Temp\arduino\cores\arduino_samd_nano_33_iot_e2ce119f1188dca056bb4156d2541080\core.a(wiring_private.c.o)
                0x00004e94                pinPeripheral
 .text.initiateReset
                0x00004f54       0x14 C:\Users\user\Documents\Arduino\test\build/..\..\..\..\AppData\Local\Temp\arduino\cores\arduino_samd_nano_33_iot_e2ce119f1188dca056bb4156d2541080\core.a(Reset.cpp.o)
                0x00004f54                initiateReset
 .text.cancelReset
                0x00004f68       0x10 C:\Users\user\Documents\Arduino\test\build/..\..\..\..\AppData\Local\Temp\arduino\cores\arduino_samd_nano_33_iot_e2ce119f1188dca056bb4156d2541080\core.a(Reset.cpp.o)
                0x00004f68                cancelReset
 .text.tickReset
                0x00004f78       0x78 C:\Users\user\Documents\Arduino\test\build/..\..\..\..\AppData\Local\Temp\arduino\cores\arduino_samd_nano_33_iot_e2ce119f1188dca056bb4156d2541080\core.a(Reset.cpp.o)
                0x00004f78                tickReset
 .text.__aeabi_atexit
                0x00004ff0        0xe c:/users/user/appdata/local/arduino15/packages/arduino/tools/arm-none-eabi-gcc/7-2017q4/bin/../lib/gcc/arm-none-eabi/7.2.1/../../../../arm-none-eabi/lib/thumb/v6-m\libstdc++_nano.a(atexit_arm.o)
                0x00004ff0                __aeabi_atexit
 *fill*         0x00004ffe        0x2 
 .text          0x00005000       0x14 c:/users/user/appdata/local/arduino15/packages/arduino/tools/arm-none-eabi-gcc/7-2017q4/bin/../lib/gcc/arm-none-eabi/7.2.1/thumb/v6-m\libgcc.a(_thumb1_case_uqi.o)
                0x00005000                __gnu_thumb1_case_uqi
 .text          0x00005014       0x14 c:/users/user/appdata/local/arduino15/packages/arduino/tools/arm-none-eabi-gcc/7-2017q4/bin/../lib/gcc/arm-none-eabi/7.2.1/thumb/v6-m\libgcc.a(_thumb1_case_uhi.o)
                0x00005014                __gnu_thumb1_case_uhi
 .text          0x00005028      0x114 c:/users/user/appdata/local/arduino15/packages/arduino/tools/arm-none-eabi-gcc/7-2017q4/bin/../lib/gcc/arm-none-eabi/7.2.1/thumb/v6-m\libgcc.a(_udivsi3.o)
                0x00005028                __aeabi_uidiv
                0x00005028                __udivsi3
                0x00005134                __aeabi_uidivmod
 .text          0x0000513c        0x4 c:/users/user/appdata/local/arduino15/packages/arduino/tools/arm-none-eabi-gcc/7-2017q4/bin/../lib/gcc/arm-none-eabi/7.2.1/thumb/v6-m\libgcc.a(_dvmd_tls.o)
                0x0000513c                __aeabi_idiv0
                0x0000513c                __aeabi_ldiv0
 .text          0x00005140       0x7c c:/users/user/appdata/local/arduino15/packages/arduino/tools/arm-none-eabi-gcc/7-2017q4/bin/../lib/gcc/arm-none-eabi/7.2.1/thumb/v6-m\libgcc.a(_arm_cmpdf2.o)
                0x00005140                __aeabi_cdrcmple
                0x00005150                __aeabi_cdcmple
                0x00005150                __aeabi_cdcmpeq
                0x00005160                __aeabi_dcmpeq
                0x0000516c                __aeabi_dcmplt
                0x00005180                __aeabi_dcmple
                0x00005194                __aeabi_dcmpgt
                0x000051a8                __aeabi_dcmpge
 .text          0x000051bc       0x3c c:/users/user/appdata/local/arduino15/packages/arduino/tools/arm-none-eabi-gcc/7-2017q4/bin/../lib/gcc/arm-none-eabi/7.2.1/thumb/v6-m\libgcc.a(_fixunsdfsi.o)
                0x000051bc                __aeabi_d2uiz
                0x000051bc                __fixunsdfsi
 .text          0x000051f8       0x2c c:/users/user/appdata/local/arduino15/packages/arduino/tools/arm-none-eabi-gcc/7-2017q4/bin/../lib/gcc/arm-none-eabi/7.2.1/thumb/v6-m\libgcc.a(_floatdidf.o)
                0x000051f8                __aeabi_l2d
                0x000051f8                __floatdidf
 .text          0x00005224      0x638 c:/users/user/appdata/local/arduino15/packages/arduino/tools/arm-none-eabi-gcc/7-2017q4/bin/../lib/gcc/arm-none-eabi/7.2.1/thumb/v6-m\libgcc.a(adddf3.o)
                0x00005224                __aeabi_dadd
 .text          0x0000585c      0x604 c:/users/user/appdata/local/arduino15/packages/arduino/tools/arm-none-eabi-gcc/7-2017q4/bin/../lib/gcc/arm-none-eabi/7.2.1/thumb/v6-m\libgcc.a(divdf3.o)
                0x0000585c                __aeabi_ddiv
 .text          0x00005e60       0x78 c:/users/user/appdata/local/arduino15/packages/arduino/tools/arm-none-eabi-gcc/7-2017q4/bin/../lib/gcc/arm-none-eabi/7.2.1/thumb/v6-m\libgcc.a(eqdf2.o)
                0x00005e60                __nedf2
                0x00005e60                __eqdf2
 .text          0x00005ed8       0xc8 c:/users/user/appdata/local/arduino15/packages/arduino/tools/arm-none-eabi-gcc/7-2017q4/bin/../lib/gcc/arm-none-eabi/7.2.1/thumb/v6-m\libgcc.a(gedf2.o)
                0x00005ed8                __gedf2
                0x00005ed8                __gtdf2
 .text          0x00005fa0       0xd0 c:/users/user/appdata/local/arduino15/packages/arduino/tools/arm-none-eabi-gcc/7-2017q4/bin/../lib/gcc/arm-none-eabi/7.2.1/thumb/v6-m\libgcc.a(ledf2.o)
                0x00005fa0                __ledf2
                0x00005fa0                __ltdf2
 .text          0x00006070      0x4e4 c:/users/user/appdata/local/arduino15/packages/arduino/tools/arm-none-eabi-gcc/7-2017q4/bin/../lib/gcc/arm-none-eabi/7.2.1/thumb/v6-m\libgcc.a(muldf3.o)
                0x00006070                __aeabi_dmul
 .text          0x00006554      0x690 c:/users/user/appdata/local/arduino15/packages/arduino/tools/arm-none-eabi-gcc/7-2017q4/bin/../lib/gcc/arm-none-eabi/7.2.1/thumb/v6-m\libgcc.a(subdf3.o)
                0x00006554                __aeabi_dsub
 .text          0x00006be4       0x38 c:/users/user/appdata/local/arduino15/packages/arduino/tools/arm-none-eabi-gcc/7-2017q4/bin/../lib/gcc/arm-none-eabi/7.2.1/thumb/v6-m\libgcc.a(unorddf2.o)
                0x00006be4                __aeabi_dcmpun
 .text          0x00006c1c       0x6c c:/users/user/appdata/local/arduino15/packages/arduino/tools/arm-none-eabi-gcc/7-2017q4/bin/../lib/gcc/arm-none-eabi/7.2.1/thumb/v6-m\libgcc.a(fixdfsi.o)
                0x00006c1c                __aeabi_d2iz
 .text          0x00006c88       0x74 c:/users/user/appdata/local/arduino15/packages/arduino/tools/arm-none-eabi-gcc/7-2017q4/bin/../lib/gcc/arm-none-eabi/7.2.1/thumb/v6-m\libgcc.a(floatsidf.o)
                0x00006c88                __aeabi_i2d
 .text          0x00006cfc       0x64 c:/users/user/appdata/local/arduino15/packages/arduino/tools/arm-none-eabi-gcc/7-2017q4/bin/../lib/gcc/arm-none-eabi/7.2.1/thumb/v6-m\libgcc.a(floatunsidf.o)
                0x00006cfc                __aeabi_ui2d
 .text          0x00006d60       0x3c c:/users/user/appdata/local/arduino15/packages/arduino/tools/arm-none-eabi-gcc/7-2017q4/bin/../lib/gcc/arm-none-eabi/7.2.1/thumb/v6-m\libgcc.a(_clzsi2.o)
                0x00006d60                __clzsi2
 .text.__cxa_atexit
                0x00006d9c       0x1c c:/users/user/appdata/local/arduino15/packages/arduino/tools/arm-none-eabi-gcc/7-2017q4/bin/../lib/gcc/arm-none-eabi/7.2.1/../../../../arm-none-eabi/lib/thumb/v6-m\libc_nano.a(lib_a-cxa_atexit.o)
                0x00006d9c                __cxa_atexit
 .text.__libc_init_array
                0x00006db8       0x48 c:/users/user/appdata/local/arduino15/packages/arduino/tools/arm-none-eabi-gcc/7-2017q4/bin/../lib/gcc/arm-none-eabi/7.2.1/../../../../arm-none-eabi/lib/thumb/v6-m\libc_nano.a(lib_a-init.o)
                0x00006db8                __libc_init_array
 .text.malloc   0x00006e00       0x14 c:/users/user/appdata/local/arduino15/packages/arduino/tools/arm-none-eabi-gcc/7-2017q4/bin/../lib/gcc/arm-none-eabi/7.2.1/../../../../arm-none-eabi/lib/thumb/v6-m\libc_nano.a(lib_a-malloc.o)
                0x00006e00                malloc
 .text.free     0x00006e14       0x14 c:/users/user/appdata/local/arduino15/packages/arduino/tools/arm-none-eabi-gcc/7-2017q4/bin/../lib/gcc/arm-none-eabi/7.2.1/../../../../arm-none-eabi/lib/thumb/v6-m\libc_nano.a(lib_a-malloc.o)
                0x00006e14                free
 .text.memcmp   0x00006e28       0x1e c:/users/user/appdata/local/arduino15/packages/arduino/tools/arm-none-eabi-gcc/7-2017q4/bin/../lib/gcc/arm-none-eabi/7.2.1/../../../../arm-none-eabi/lib/thumb/v6-m\libc_nano.a(lib_a-memcmp.o)
                0x00006e28                memcmp
 .text.memcpy   0x00006e46       0x12 c:/users/user/appdata/local/arduino15/packages/arduino/tools/arm-none-eabi-gcc/7-2017q4/bin/../lib/gcc/arm-none-eabi/7.2.1/../../../../arm-none-eabi/lib/thumb/v6-m\libc_nano.a(lib_a-memcpy-stub.o)
                0x00006e46                memcpy
 .text.memset   0x00006e58       0x10 c:/users/user/appdata/local/arduino15/packages/arduino/tools/arm-none-eabi-gcc/7-2017q4/bin/../lib/gcc/arm-none-eabi/7.2.1/../../../../arm-none-eabi/lib/thumb/v6-m\libc_nano.a(lib_a-memset.o)
                0x00006e58                memset
 .text._free_r  0x00006e68       0x94 c:/users/user/appdata/local/arduino15/packages/arduino/tools/arm-none-eabi-gcc/7-2017q4/bin/../lib/gcc/arm-none-eabi/7.2.1/../../../../arm-none-eabi/lib/thumb/v6-m\libc_nano.a(lib_a-nano-freer.o)
                0x00006e68                _free_r
 .text._malloc_r
                0x00006efc       0xbc c:/users/user/appdata/local/arduino15/packages/arduino/tools/arm-none-eabi-gcc/7-2017q4/bin/../lib/gcc/arm-none-eabi/7.2.1/../../../../arm-none-eabi/lib/thumb/v6-m\libc_nano.a(lib_a-nano-mallocr.o)
                0x00006efc                _malloc_r
 .text._sbrk_r  0x00006fb8       0x24 c:/users/user/appdata/local/arduino15/packages/arduino/tools/arm-none-eabi-gcc/7-2017q4/bin/../lib/gcc/arm-none-eabi/7.2.1/../../../../arm-none-eabi/lib/thumb/v6-m\libc_nano.a(lib_a-sbrkr.o)
                0x00006fb8                _sbrk_r
 .text          0x00006fdc        0xe c:/users/user/appdata/local/arduino15/packages/arduino/tools/arm-none-eabi-gcc/7-2017q4/bin/../lib/gcc/arm-none-eabi/7.2.1/../../../../arm-none-eabi/lib/thumb/v6-m\libc_nano.a(lib_a-strlen.o)
                0x00006fdc                strlen
 .text.__malloc_lock
                0x00006fea        0x2 c:/users/user/appdata/local/arduino15/packages/arduino/tools/arm-none-eabi-gcc/7-2017q4/bin/../lib/gcc/arm-none-eabi/7.2.1/../../../../arm-none-eabi/lib/thumb/v6-m\libc_nano.a(lib_a-mlock.o)
                0x00006fea                __malloc_lock
 .text.__malloc_unlock
                0x00006fec        0x2 c:/users/user/appdata/local/arduino15/packages/arduino/tools/arm-none-eabi-gcc/7-2017q4/bin/../lib/gcc/arm-none-eabi/7.2.1/../../../../arm-none-eabi/lib/thumb/v6-m\libc_nano.a(lib_a-mlock.o)
                0x00006fec                __malloc_unlock
 *fill*         0x00006fee        0x2 
 .text._sbrk    0x00006ff0       0x1c c:/users/user/appdata/local/arduino15/packages/arduino/tools/arm-none-eabi-gcc/7-2017q4/bin/../lib/gcc/arm-none-eabi/7.2.1/../../../../arm-none-eabi/lib/thumb/v6-m\libnosys.a(sbrk.o)
                0x00006ff0                _sbrk
 *(.init)
 .init          0x0000700c        0x4 c:/users/user/appdata/local/arduino15/packages/arduino/tools/arm-none-eabi-gcc/7-2017q4/bin/../lib/gcc/arm-none-eabi/7.2.1/thumb/v6-m/crti.o
                0x0000700c                _init
 .init          0x00007010        0x8 c:/users/user/appdata/local/arduino15/packages/arduino/tools/arm-none-eabi-gcc/7-2017q4/bin/../lib/gcc/arm-none-eabi/7.2.1/thumb/v6-m/crtn.o
 *(.fini)
 .fini          0x00007018        0x4 c:/users/user/appdata/local/arduino15/packages/arduino/tools/arm-none-eabi-gcc/7-2017q4/bin/../lib/gcc/arm-none-eabi/7.2.1/thumb/v6-m/crti.o
                0x00007018                _fini
 .fini          0x0000701c        0x8 c:/users/user/appdata/local/arduino15/packages/arduino/tools/arm-none-eabi-gcc/7-2017q4/bin/../lib/gcc/arm-none-eabi/7.2.1/thumb/v6-m/crtn.o
 *crtbegin.o(.ctors)
 *crtbegin?.o(.ctors)
 *(EXCLUDE_FILE(*crtend.o *crtend?.o) .ctors)
 *(SORT_BY_NAME(.ctors.*))
 *(.ctors)
 *crtbegin.o(.dtors)
 *crtbegin?.o(.dtors)
 *(EXCLUDE_FILE(*crtend.o *crtend?.o) .dtors)
 *(SORT_BY_NAME(.dtors.*))
 *(.dtors)
 *(.rodata*)
 .rodata._Z10getPX4Timeb.str1.1
                0x00007024       0x2b C:\Users\user\Documents\Arduino\test\build\sketch\test.ino.cpp.o
 *fill*         0x0000704f        0x1 
 .rodata._ZL27mavlink_sha256_constant_256
                0x00007050      0x100 C:\Users\user\Documents\Arduino\test\build\sketch\test.ino.cpp.o
 .rodata._ZZ21mavlink_get_msg_entryE20mavlink_message_crcs
                0x00007150      0xabc C:\Users\user\Documents\Arduino\test\build\sketch\test.ino.cpp.o
 .rodata.CSWTCH.24
                0x00007c0c        0x3 C:\Users\user\Documents\Arduino\test\build\libraries\SPI\SPI.cpp.o
 *fill*         0x00007c0f        0x1 
 .rodata._ZTV12SPIClassSAMD
                0x00007c10       0x3c C:\Users\user\Documents\Arduino\test\build\libraries\SPI\SPI.cpp.o
                0x00007c10                vtable for SPIClassSAMD
 .rodata.g_APinDescription
                0x00007c4c      0x318 C:\Users\user\Documents\Arduino\test\build\core\variant.cpp.o
                0x00007c4c                g_APinDescription
 .rodata._ZTV7Serial_
                0x00007f64       0x60 C:\Users\user\Documents\Arduino\test\build/..\..\..\..\AppData\Local\Temp\arduino\cores\arduino_samd_nano_33_iot_e2ce119f1188dca056bb4156d2541080\core.a(CDC.cpp.o)
                0x00007f64                vtable for Serial_
 .rodata._ZTV26DoubleBufferedEPOutHandler
                0x00007fc4       0x24 C:\Users\user\Documents\Arduino\test\build/..\..\..\..\AppData\Local\Temp\arduino\cores\arduino_samd_nano_33_iot_e2ce119f1188dca056bb4156d2541080\core.a(USBCore.cpp.o)
                0x00007fc4                vtable for DoubleBufferedEPOutHandler
 .rodata._ZL14STRING_PRODUCT
                0x00007fe8       0x14 C:\Users\user\Documents\Arduino\test\build/..\..\..\..\AppData\Local\Temp\arduino\cores\arduino_samd_nano_33_iot_e2ce119f1188dca056bb4156d2541080\core.a(USBCore.cpp.o)
 .rodata._ZL15STRING_LANGUAGE
                0x00007ffc        0x4 C:\Users\user\Documents\Arduino\test\build/..\..\..\..\AppData\Local\Temp\arduino\cores\arduino_samd_nano_33_iot_e2ce119f1188dca056bb4156d2541080\core.a(USBCore.cpp.o)
 .rodata._ZL19STRING_MANUFACTURER
                0x00008000        0xc C:\Users\user\Documents\Arduino\test\build/..\..\..\..\AppData\Local\Temp\arduino\cores\arduino_samd_nano_33_iot_e2ce119f1188dca056bb4156d2541080\core.a(USBCore.cpp.o)
 .rodata._ZL21USB_DeviceDescriptorB
                0x0000800c       0x12 C:\Users\user\Documents\Arduino\test\build/..\..\..\..\AppData\Local\Temp\arduino\cores\arduino_samd_nano_33_iot_e2ce119f1188dca056bb4156d2541080\core.a(USBCore.cpp.o)
 .rodata._ZN7arduino5Print10printFloatEdi.str1.1
                0x0000801e        0xc C:\Users\user\Documents\Arduino\test\build/..\..\..\..\AppData\Local\Temp\arduino\cores\arduino_samd_nano_33_iot_e2ce119f1188dca056bb4156d2541080\core.a(Print.cpp.o)
                                  0xe (size before relaxing)
 .rodata._ZN7arduino5Print7printlnEv.str1.1
                0x0000802a        0x3 C:\Users\user\Documents\Arduino\test\build/..\..\..\..\AppData\Local\Temp\arduino\cores\arduino_samd_nano_33_iot_e2ce119f1188dca056bb4156d2541080\core.a(Print.cpp.o)
 *fill*         0x0000802d        0x3 
 .rodata        0x00008030       0x40 c:/users/user/appdata/local/arduino15/packages/arduino/tools/arm-none-eabi-gcc/7-2017q4/bin/../lib/gcc/arm-none-eabi/7.2.1/thumb/v6-m\libgcc.a(divdf3.o)
 .rodata        0x00008070       0x40 c:/users/user/appdata/local/arduino15/packages/arduino/tools/arm-none-eabi-gcc/7-2017q4/bin/../lib/gcc/arm-none-eabi/7.2.1/thumb/v6-m\libgcc.a(muldf3.o)
 .rodata.__sf_fake_stderr
                0x000080b0       0x20 c:/users/user/appdata/local/arduino15/packages/arduino/tools/arm-none-eabi-gcc/7-2017q4/bin/../lib/gcc/arm-none-eabi/7.2.1/../../../../arm-none-eabi/lib/thumb/v6-m\libc_nano.a(lib_a-findfp.o)
                0x000080b0                __sf_fake_stderr
 .rodata.__sf_fake_stdin
                0x000080d0       0x20 c:/users/user/appdata/local/arduino15/packages/arduino/tools/arm-none-eabi-gcc/7-2017q4/bin/../lib/gcc/arm-none-eabi/7.2.1/../../../../arm-none-eabi/lib/thumb/v6-m\libc_nano.a(lib_a-findfp.o)
                0x000080d0                __sf_fake_stdin
 .rodata.__sf_fake_stdout
                0x000080f0       0x20 c:/users/user/appdata/local/arduino15/packages/arduino/tools/arm-none-eabi-gcc/7-2017q4/bin/../lib/gcc/arm-none-eabi/7.2.1/../../../../arm-none-eabi/lib/thumb/v6-m\libc_nano.a(lib_a-findfp.o)
                0x000080f0                __sf_fake_stdout
 *(.eh_frame*)
 .eh_frame      0x00008110        0x0 c:/users/user/appdata/local/arduino15/packages/arduino/tools/arm-none-eabi-gcc/7-2017q4/bin/../lib/gcc/arm-none-eabi/7.2.1/thumb/v6-m/crtbegin.o
 .eh_frame      0x00008110        0x4 c:/users/user/appdata/local/arduino15/packages/arduino/tools/arm-none-eabi-gcc/7-2017q4/bin/../lib/gcc/arm-none-eabi/7.2.1/thumb/v6-m/crtend.o

.glue_7         0x00008114        0x0
 .glue_7        0x00008114        0x0 linker stubs

.glue_7t        0x00008114        0x0
 .glue_7t       0x00008114        0x0 linker stubs

.vfp11_veneer   0x00008114        0x0
 .vfp11_veneer  0x00008114        0x0 linker stubs

.v4_bx          0x00008114        0x0
 .v4_bx         0x00008114        0x0 linker stubs

.iplt           0x00008114        0x0
 .iplt          0x00008114        0x0 c:/users/user/appdata/local/arduino15/packages/arduino/tools/arm-none-eabi-gcc/7-2017q4/bin/../lib/gcc/arm-none-eabi/7.2.1/thumb/v6-m/crtbegin.o

.rel.dyn        0x00008114        0x0
 .rel.iplt      0x00008114        0x0 c:/users/user/appdata/local/arduino15/packages/arduino/tools/arm-none-eabi-gcc/7-2017q4/bin/../lib/gcc/arm-none-eabi/7.2.1/thumb/v6-m/crtbegin.o

.ARM.extab
 *(.ARM.extab* .gnu.linkonce.armextab.*)
                0x00008114                __exidx_start = .

.ARM.exidx
 *(.ARM.exidx* .gnu.linkonce.armexidx.*)
                0x00008114                __exidx_end = .
                0x00008114                __etext = .

.data           0x20000000       0x98 load address 0x00008114
                0x20000000                __data_start__ = .
 *(vtable)
 *(.data*)
 .data          0x20000000        0x4 c:/users/user/appdata/local/arduino15/packages/arduino/tools/arm-none-eabi-gcc/7-2017q4/bin/../lib/gcc/arm-none-eabi/7.2.1/thumb/v6-m/crtbegin.o
                0x20000000                __dso_handle
 .data._ZL10breakValue
                0x20000004        0x4 C:\Users\user\Documents\Arduino\test\build/..\..\..\..\AppData\Local\Temp\arduino\cores\arduino_samd_nano_33_iot_e2ce119f1188dca056bb4156d2541080\core.a(CDC.cpp.o)
 .data._ZL12_usbLineInfo
                0x20000008        0x8 C:\Users\user\Documents\Arduino\test\build/..\..\..\..\AppData\Local\Temp\arduino\cores\arduino_samd_nano_33_iot_e2ce119f1188dca056bb4156d2541080\core.a(CDC.cpp.o)
 .data._serialPeek
                0x20000010        0x4 C:\Users\user\Documents\Arduino\test\build/..\..\..\..\AppData\Local\Temp\arduino\cores\arduino_samd_nano_33_iot_e2ce119f1188dca056bb4156d2541080\core.a(CDC.cpp.o)
                0x20000010                _serialPeek
 .data.SystemCoreClock
                0x20000014        0x4 C:\Users\user\Documents\Arduino\test\build/..\..\..\..\AppData\Local\Temp\arduino\cores\arduino_samd_nano_33_iot_e2ce119f1188dca056bb4156d2541080\core.a(wiring.c.o)
                0x20000014                SystemCoreClock
 .data._ZL5ticks
                0x20000018        0x4 C:\Users\user\Documents\Arduino\test\build/..\..\..\..\AppData\Local\Temp\arduino\cores\arduino_samd_nano_33_iot_e2ce119f1188dca056bb4156d2541080\core.a(Reset.cpp.o)
 .data._impure_ptr
                0x2000001c        0x4 c:/users/user/appdata/local/arduino15/packages/arduino/tools/arm-none-eabi-gcc/7-2017q4/bin/../lib/gcc/arm-none-eabi/7.2.1/../../../../arm-none-eabi/lib/thumb/v6-m\libc_nano.a(lib_a-impure.o)
                0x2000001c                _impure_ptr
 .data.impure_data
                0x20000020       0x60 c:/users/user/appdata/local/arduino15/packages/arduino/tools/arm-none-eabi-gcc/7-2017q4/bin/../lib/gcc/arm-none-eabi/7.2.1/../../../../arm-none-eabi/lib/thumb/v6-m\libc_nano.a(lib_a-impure.o)
                0x20000080                . = ALIGN (0x4)
                0x20000080                PROVIDE (__preinit_array_start, .)
 *(.preinit_array)
                0x20000080                PROVIDE (__preinit_array_end, .)
                0x20000080                . = ALIGN (0x4)
                0x20000080                PROVIDE (__init_array_start, .)
 *(SORT_BY_NAME(.init_array.*))
 *(.init_array)
 .init_array    0x20000080        0x4 c:/users/user/appdata/local/arduino15/packages/arduino/tools/arm-none-eabi-gcc/7-2017q4/bin/../lib/gcc/arm-none-eabi/7.2.1/thumb/v6-m/crtbegin.o
 .init_array    0x20000084        0x4 C:\Users\user\Documents\Arduino\test\build\libraries\SPI\SPI.cpp.o
 .init_array    0x20000088        0x4 C:\Users\user\Documents\Arduino\test\build\core\variant.cpp.o
 .init_array    0x2000008c        0x4 C:\Users\user\Documents\Arduino\test\build/..\..\..\..\AppData\Local\Temp\arduino\cores\arduino_samd_nano_33_iot_e2ce119f1188dca056bb4156d2541080\core.a(CDC.cpp.o)
 .init_array    0x20000090        0x4 C:\Users\user\Documents\Arduino\test\build/..\..\..\..\AppData\Local\Temp\arduino\cores\arduino_samd_nano_33_iot_e2ce119f1188dca056bb4156d2541080\core.a(USBCore.cpp.o)
                0x20000094                PROVIDE (__init_array_end, .)
                0x20000094                . = ALIGN (0x4)
                [!provide]                PROVIDE (__fini_array_start, .)
 *(SORT_BY_NAME(.fini_array.*))
 *(.fini_array)
 .fini_array    0x20000094        0x4 c:/users/user/appdata/local/arduino15/packages/arduino/tools/arm-none-eabi-gcc/7-2017q4/bin/../lib/gcc/arm-none-eabi/7.2.1/thumb/v6-m/crtbegin.o
                [!provide]                PROVIDE (__fini_array_end, .)
 *(.jcr*)
                0x20000098                . = ALIGN (0x4)
                0x20000098                __data_end__ = .

.igot.plt       0x20000098        0x0 load address 0x000081ac
 .igot.plt      0x20000098        0x0 c:/users/user/appdata/local/arduino15/packages/arduino/tools/arm-none-eabi-gcc/7-2017q4/bin/../lib/gcc/arm-none-eabi/7.2.1/thumb/v6-m/crtbegin.o

.bss            0x20000098      0xbc0 load address 0x000081ac
                0x20000098                . = ALIGN (0x4)
                0x20000098                __bss_start__ = .
 *(.bss*)
 .bss           0x20000098       0x1c c:/users/user/appdata/local/arduino15/packages/arduino/tools/arm-none-eabi-gcc/7-2017q4/bin/../lib/gcc/arm-none-eabi/7.2.1/thumb/v6-m/crtbegin.o
 .bss._ZZ26mavlink_get_channel_bufferE16m_mavlink_buffer
                0x200000b4      0x48c C:\Users\user\Documents\Arduino\test\build\sketch\test.ino.cpp.o
 .bss._ZZ26mavlink_get_channel_statusE16m_mavlink_status
                0x20000540       0x60 C:\Users\user\Documents\Arduino\test\build\sketch\test.ino.cpp.o
 .bss.SPI       0x200005a0       0x20 C:\Users\user\Documents\Arduino\test\build\libraries\SPI\SPI.cpp.o
                0x200005a0                SPI
 .bss.SPI1      0x200005c0       0x20 C:\Users\user\Documents\Arduino\test\build\libraries\SPI\SPI.cpp.o
                0x200005c0                SPI1
 .bss._ZN7arduinoL20DEFAULT_SPI_SETTINGSE
                0x200005e0        0x8 C:\Users\user\Documents\Arduino\test\build\libraries\SPI\SPI.cpp.o
 .bss.sercom0   0x200005e8        0x8 C:\Users\user\Documents\Arduino\test\build\core\variant.cpp.o
                0x200005e8                sercom0
 .bss.sercom1   0x200005f0        0x8 C:\Users\user\Documents\Arduino\test\build\core\variant.cpp.o
                0x200005f0                sercom1
 .bss.sercom2   0x200005f8        0x8 C:\Users\user\Documents\Arduino\test\build\core\variant.cpp.o
                0x200005f8                sercom2
 .bss.sercom3   0x20000600        0x8 C:\Users\user\Documents\Arduino\test\build\core\variant.cpp.o
                0x20000600                sercom3
 .bss.sercom4   0x20000608        0x8 C:\Users\user\Documents\Arduino\test\build\core\variant.cpp.o
                0x20000608                sercom4
 .bss.sercom5   0x20000610        0x8 C:\Users\user\Documents\Arduino\test\build\core\variant.cpp.o
                0x20000610                sercom5
 .bss.SerialUSB
                0x20000618       0x34 C:\Users\user\Documents\Arduino\test\build/..\..\..\..\AppData\Local\Temp\arduino\cores\arduino_samd_nano_33_iot_e2ce119f1188dca056bb4156d2541080\core.a(CDC.cpp.o)
                0x20000618                SerialUSB
 .bss.EndPoints
                0x2000064c       0x28 C:\Users\user\Documents\Arduino\test\build/..\..\..\..\AppData\Local\Temp\arduino\cores\arduino_samd_nano_33_iot_e2ce119f1188dca056bb4156d2541080\core.a(USBCore.cpp.o)
                0x2000064c                EndPoints
 .bss.USBDevice
                0x20000674        0x1 C:\Users\user\Documents\Arduino\test\build/..\..\..\..\AppData\Local\Temp\arduino\cores\arduino_samd_nano_33_iot_e2ce119f1188dca056bb4156d2541080\core.a(USBCore.cpp.o)
                0x20000674                USBDevice
 *fill*         0x20000675        0x3 
 .bss._ZL10epHandlers
                0x20000678       0x1c C:\Users\user\Documents\Arduino\test\build/..\..\..\..\AppData\Local\Temp\arduino\cores\arduino_samd_nano_33_iot_e2ce119f1188dca056bb4156d2541080\core.a(USBCore.cpp.o)
 .bss._ZL14isEndpointHalt
                0x20000694        0x1 C:\Users\user\Documents\Arduino\test\build/..\..\..\..\AppData\Local\Temp\arduino\cores\arduino_samd_nano_33_iot_e2ce119f1188dca056bb4156d2541080\core.a(USBCore.cpp.o)
 .bss._ZL20LastTransmitTimedOut
                0x20000695        0x7 C:\Users\user\Documents\Arduino\test\build/..\..\..\..\AppData\Local\Temp\arduino\cores\arduino_samd_nano_33_iot_e2ce119f1188dca056bb4156d2541080\core.a(USBCore.cpp.o)
 .bss._ZL21isRemoteWakeUpEnabled
                0x2000069c        0x1 C:\Users\user\Documents\Arduino\test\build/..\..\..\..\AppData\Local\Temp\arduino\cores\arduino_samd_nano_33_iot_e2ce119f1188dca056bb4156d2541080\core.a(USBCore.cpp.o)
 *fill*         0x2000069d        0x3 
 .bss._ZL22udd_ep_in_cache_buffer
                0x200006a0      0x1c0 C:\Users\user\Documents\Arduino\test\build/..\..\..\..\AppData\Local\Temp\arduino\cores\arduino_samd_nano_33_iot_e2ce119f1188dca056bb4156d2541080\core.a(USBCore.cpp.o)
 .bss._ZL23udd_ep_out_cache_buffer
                0x20000860      0x1c0 C:\Users\user\Documents\Arduino\test\build/..\..\..\..\AppData\Local\Temp\arduino\cores\arduino_samd_nano_33_iot_e2ce119f1188dca056bb4156d2541080\core.a(USBCore.cpp.o)
 .bss._dry_run  0x20000a20        0x1 C:\Users\user\Documents\Arduino\test\build/..\..\..\..\AppData\Local\Temp\arduino\cores\arduino_samd_nano_33_iot_e2ce119f1188dca056bb4156d2541080\core.a(USBCore.cpp.o)
                0x20000a20                _dry_run
 .bss._pack_buffer
                0x20000a21      0x100 C:\Users\user\Documents\Arduino\test\build/..\..\..\..\AppData\Local\Temp\arduino\cores\arduino_samd_nano_33_iot_e2ce119f1188dca056bb4156d2541080\core.a(USBCore.cpp.o)
                0x20000a21                _pack_buffer
 .bss._pack_message
                0x20000b21        0x1 C:\Users\user\Documents\Arduino\test\build/..\..\..\..\AppData\Local\Temp\arduino\cores\arduino_samd_nano_33_iot_e2ce119f1188dca056bb4156d2541080\core.a(USBCore.cpp.o)
                0x20000b21                _pack_message
 .bss._pack_size
                0x20000b22        0x2 C:\Users\user\Documents\Arduino\test\build/..\..\..\..\AppData\Local\Temp\arduino\cores\arduino_samd_nano_33_iot_e2ce119f1188dca056bb4156d2541080\core.a(USBCore.cpp.o)
                0x20000b22                _pack_size
 .bss._usbConfiguration
                0x20000b24        0x4 C:\Users\user\Documents\Arduino\test\build/..\..\..\..\AppData\Local\Temp\arduino\cores\arduino_samd_nano_33_iot_e2ce119f1188dca056bb4156d2541080\core.a(USBCore.cpp.o)
                0x20000b24                _usbConfiguration
 .bss._usbSetInterface
                0x20000b28        0x4 C:\Users\user\Documents\Arduino\test\build/..\..\..\..\AppData\Local\Temp\arduino\cores\arduino_samd_nano_33_iot_e2ce119f1188dca056bb4156d2541080\core.a(USBCore.cpp.o)
                0x20000b28                _usbSetInterface
 .bss.usbd      0x20000b2c      0x104 C:\Users\user\Documents\Arduino\test\build/..\..\..\..\AppData\Local\Temp\arduino\cores\arduino_samd_nano_33_iot_e2ce119f1188dca056bb4156d2541080\core.a(USBCore.cpp.o)
                0x20000b2c                usbd
 .bss._ZGVZ12PluggableUSBvE3obj
                0x20000c30        0x4 C:\Users\user\Documents\Arduino\test\build/..\..\..\..\AppData\Local\Temp\arduino\cores\arduino_samd_nano_33_iot_e2ce119f1188dca056bb4156d2541080\core.a(PluggableUSB.cpp.o)
 .bss._ZZ12PluggableUSBvE3obj
                0x20000c34        0xc C:\Users\user\Documents\Arduino\test\build/..\..\..\..\AppData\Local\Temp\arduino\cores\arduino_samd_nano_33_iot_e2ce119f1188dca056bb4156d2541080\core.a(PluggableUSB.cpp.o)
 .bss.usb_isr   0x20000c40        0x4 C:\Users\user\Documents\Arduino\test\build/..\..\..\..\AppData\Local\Temp\arduino\cores\arduino_samd_nano_33_iot_e2ce119f1188dca056bb4156d2541080\core.a(cortex_handlers.c.o)
 .bss._ulTickCount
                0x20000c44        0x4 C:\Users\user\Documents\Arduino\test\build/..\..\..\..\AppData\Local\Temp\arduino\cores\arduino_samd_nano_33_iot_e2ce119f1188dca056bb4156d2541080\core.a(delay.c.o)
 .bss.__malloc_free_list
                0x20000c48        0x4 c:/users/user/appdata/local/arduino15/packages/arduino/tools/arm-none-eabi-gcc/7-2017q4/bin/../lib/gcc/arm-none-eabi/7.2.1/../../../../arm-none-eabi/lib/thumb/v6-m\libc_nano.a(lib_a-nano-mallocr.o)
                0x20000c48                __malloc_free_list
 .bss.__malloc_sbrk_start
                0x20000c4c        0x4 c:/users/user/appdata/local/arduino15/packages/arduino/tools/arm-none-eabi-gcc/7-2017q4/bin/../lib/gcc/arm-none-eabi/7.2.1/../../../../arm-none-eabi/lib/thumb/v6-m\libc_nano.a(lib_a-nano-mallocr.o)
                0x20000c4c                __malloc_sbrk_start
 .bss.heap_end.4102
                0x20000c50        0x4 c:/users/user/appdata/local/arduino15/packages/arduino/tools/arm-none-eabi-gcc/7-2017q4/bin/../lib/gcc/arm-none-eabi/7.2.1/../../../../arm-none-eabi/lib/thumb/v6-m\libnosys.a(sbrk.o)
 *(COMMON)
 COMMON         0x20000c54        0x4 c:/users/user/appdata/local/arduino15/packages/arduino/tools/arm-none-eabi-gcc/7-2017q4/bin/../lib/gcc/arm-none-eabi/7.2.1/../../../../arm-none-eabi/lib/thumb/v6-m\libc_nano.a(lib_a-reent.o)
                0x20000c54                errno
                0x20000c58                . = ALIGN (0x4)
                0x20000c58                __bss_end__ = .

.heap           0x20000c58        0x0
                0x20000c58                __end__ = .
                0x20000c58                PROVIDE (end, .)
 *(.heap*)
                0x20000c58                __HeapLimit = .

.stack_dummy    0x20000c58        0x0
 *(.stack*)
                0x20008000                __StackTop = (ORIGIN (RAM) + LENGTH (RAM))
                0x20008000                __StackLimit = (__StackTop - SIZEOF (.stack_dummy))
                0x20008000                PROVIDE (__stack, __StackTop)
                0x20007fff                __ram_end__ = ((ORIGIN (RAM) + LENGTH (RAM)) - 0x1)
                0x00000001                ASSERT ((__StackLimit >= __HeapLimit), region RAM overflowed with stack)
OUTPUT(C:\Users\user\Documents\Arduino\test\build/test.ino.elf elf32-littlearm)

.ARM.attributes
                0x00000000       0x28
 .ARM.attributes
                0x00000000       0x1e c:/users/user/appdata/local/arduino15/packages/arduino/tools/arm-none-eabi-gcc/7-2017q4/bin/../lib/gcc/arm-none-eabi/7.2.1/thumb/v6-m/crti.o
 .ARM.attributes
                0x0000001e       0x2c c:/users/user/appdata/local/arduino15/packages/arduino/tools/arm-none-eabi-gcc/7-2017q4/bin/../lib/gcc/arm-none-eabi/7.2.1/thumb/v6-m/crtbegin.o
 .ARM.attributes
                0x0000004a       0x32 C:\Users\user\Documents\Arduino\test\build\sketch\test.ino.cpp.o
 .ARM.attributes
                0x0000007c       0x32 C:\Users\user\Documents\Arduino\test\build\libraries\SPI\SPI.cpp.o
 .ARM.attributes
                0x000000ae       0x32 C:\Users\user\Documents\Arduino\test\build\core\variant.cpp.o
 .ARM.attributes
                0x000000e0       0x32 C:\Users\user\Documents\Arduino\test\build/..\..\..\..\AppData\Local\Temp\arduino\cores\arduino_samd_nano_33_iot_e2ce119f1188dca056bb4156d2541080\core.a(SERCOM.cpp.o)
 .ARM.attributes
                0x00000112       0x32 C:\Users\user\Documents\Arduino\test\build/..\..\..\..\AppData\Local\Temp\arduino\cores\arduino_samd_nano_33_iot_e2ce119f1188dca056bb4156d2541080\core.a(CDC.cpp.o)
 .ARM.attributes
                0x00000144       0x32 C:\Users\user\Documents\Arduino\test\build/..\..\..\..\AppData\Local\Temp\arduino\cores\arduino_samd_nano_33_iot_e2ce119f1188dca056bb4156d2541080\core.a(USBCore.cpp.o)
 .ARM.attributes
                0x00000176       0x32 C:\Users\user\Documents\Arduino\test\build/..\..\..\..\AppData\Local\Temp\arduino\cores\arduino_samd_nano_33_iot_e2ce119f1188dca056bb4156d2541080\core.a(Uart.cpp.o)
 .ARM.attributes
                0x000001a8       0x32 C:\Users\user\Documents\Arduino\test\build/..\..\..\..\AppData\Local\Temp\arduino\cores\arduino_samd_nano_33_iot_e2ce119f1188dca056bb4156d2541080\core.a(PluggableUSB.cpp.o)
 .ARM.attributes
                0x000001da       0x32 C:\Users\user\Documents\Arduino\test\build/..\..\..\..\AppData\Local\Temp\arduino\cores\arduino_samd_nano_33_iot_e2ce119f1188dca056bb4156d2541080\core.a(Print.cpp.o)
 .ARM.attributes
                0x0000020c       0x32 C:\Users\user\Documents\Arduino\test\build/..\..\..\..\AppData\Local\Temp\arduino\cores\arduino_samd_nano_33_iot_e2ce119f1188dca056bb4156d2541080\core.a(cortex_handlers.c.o)
 .ARM.attributes
                0x0000023e       0x32 C:\Users\user\Documents\Arduino\test\build/..\..\..\..\AppData\Local\Temp\arduino\cores\arduino_samd_nano_33_iot_e2ce119f1188dca056bb4156d2541080\core.a(delay.c.o)
 .ARM.attributes
                0x00000270       0x32 C:\Users\user\Documents\Arduino\test\build/..\..\..\..\AppData\Local\Temp\arduino\cores\arduino_samd_nano_33_iot_e2ce119f1188dca056bb4156d2541080\core.a(hooks.c.o)
 .ARM.attributes
                0x000002a2       0x32 C:\Users\user\Documents\Arduino\test\build/..\..\..\..\AppData\Local\Temp\arduino\cores\arduino_samd_nano_33_iot_e2ce119f1188dca056bb4156d2541080\core.a(main.cpp.o)
 .ARM.attributes
                0x000002d4       0x32 C:\Users\user\Documents\Arduino\test\build/..\..\..\..\AppData\Local\Temp\arduino\cores\arduino_samd_nano_33_iot_e2ce119f1188dca056bb4156d2541080\core.a(new.cpp.o)
 .ARM.attributes
                0x00000306       0x32 C:\Users\user\Documents\Arduino\test\build/..\..\..\..\AppData\Local\Temp\arduino\cores\arduino_samd_nano_33_iot_e2ce119f1188dca056bb4156d2541080\core.a(startup.c.o)
 .ARM.attributes
                0x00000338       0x32 C:\Users\user\Documents\Arduino\test\build/..\..\..\..\AppData\Local\Temp\arduino\cores\arduino_samd_nano_33_iot_e2ce119f1188dca056bb4156d2541080\core.a(wiring.c.o)
 .ARM.attributes
                0x0000036a       0x32 C:\Users\user\Documents\Arduino\test\build/..\..\..\..\AppData\Local\Temp\arduino\cores\arduino_samd_nano_33_iot_e2ce119f1188dca056bb4156d2541080\core.a(wiring_analog.c.o)
 .ARM.attributes
                0x0000039c       0x32 C:\Users\user\Documents\Arduino\test\build/..\..\..\..\AppData\Local\Temp\arduino\cores\arduino_samd_nano_33_iot_e2ce119f1188dca056bb4156d2541080\core.a(wiring_digital.c.o)
 .ARM.attributes
                0x000003ce       0x32 C:\Users\user\Documents\Arduino\test\build/..\..\..\..\AppData\Local\Temp\arduino\cores\arduino_samd_nano_33_iot_e2ce119f1188dca056bb4156d2541080\core.a(wiring_private.c.o)
 .ARM.attributes
                0x00000400       0x32 C:\Users\user\Documents\Arduino\test\build/..\..\..\..\AppData\Local\Temp\arduino\cores\arduino_samd_nano_33_iot_e2ce119f1188dca056bb4156d2541080\core.a(Reset.cpp.o)
 .ARM.attributes
                0x00000432       0x2c c:/users/user/appdata/local/arduino15/packages/arduino/tools/arm-none-eabi-gcc/7-2017q4/bin/../lib/gcc/arm-none-eabi/7.2.1/../../../../arm-none-eabi/lib/thumb/v6-m\libstdc++_nano.a(atexit_arm.o)
 .ARM.attributes
                0x0000045e       0x1e c:/users/user/appdata/local/arduino15/packages/arduino/tools/arm-none-eabi-gcc/7-2017q4/bin/../lib/gcc/arm-none-eabi/7.2.1/thumb/v6-m\libgcc.a(_thumb1_case_uqi.o)
 .ARM.attributes
                0x0000047c       0x1e c:/users/user/appdata/local/arduino15/packages/arduino/tools/arm-none-eabi-gcc/7-2017q4/bin/../lib/gcc/arm-none-eabi/7.2.1/thumb/v6-m\libgcc.a(_thumb1_case_uhi.o)
 .ARM.attributes
                0x0000049a       0x1e c:/users/user/appdata/local/arduino15/packages/arduino/tools/arm-none-eabi-gcc/7-2017q4/bin/../lib/gcc/arm-none-eabi/7.2.1/thumb/v6-m\libgcc.a(_udivsi3.o)
 .ARM.attributes
                0x000004b8       0x1e c:/users/user/appdata/local/arduino15/packages/arduino/tools/arm-none-eabi-gcc/7-2017q4/bin/../lib/gcc/arm-none-eabi/7.2.1/thumb/v6-m\libgcc.a(_dvmd_tls.o)
 .ARM.attributes
                0x000004d6       0x1e c:/users/user/appdata/local/arduino15/packages/arduino/tools/arm-none-eabi-gcc/7-2017q4/bin/../lib/gcc/arm-none-eabi/7.2.1/thumb/v6-m\libgcc.a(_arm_cmpdf2.o)
 .ARM.attributes
                0x000004f4       0x2c c:/users/user/appdata/local/arduino15/packages/arduino/tools/arm-none-eabi-gcc/7-2017q4/bin/../lib/gcc/arm-none-eabi/7.2.1/thumb/v6-m\libgcc.a(_fixunsdfsi.o)
 .ARM.attributes
                0x00000520       0x2c c:/users/user/appdata/local/arduino15/packages/arduino/tools/arm-none-eabi-gcc/7-2017q4/bin/../lib/gcc/arm-none-eabi/7.2.1/thumb/v6-m\libgcc.a(_floatdidf.o)
 .ARM.attributes
                0x0000054c       0x2c c:/users/user/appdata/local/arduino15/packages/arduino/tools/arm-none-eabi-gcc/7-2017q4/bin/../lib/gcc/arm-none-eabi/7.2.1/thumb/v6-m\libgcc.a(adddf3.o)
 .ARM.attributes
                0x00000578       0x2c c:/users/user/appdata/local/arduino15/packages/arduino/tools/arm-none-eabi-gcc/7-2017q4/bin/../lib/gcc/arm-none-eabi/7.2.1/thumb/v6-m\libgcc.a(divdf3.o)
 .ARM.attributes
                0x000005a4       0x2c c:/users/user/appdata/local/arduino15/packages/arduino/tools/arm-none-eabi-gcc/7-2017q4/bin/../lib/gcc/arm-none-eabi/7.2.1/thumb/v6-m\libgcc.a(eqdf2.o)
 .ARM.attributes
                0x000005d0       0x2c c:/users/user/appdata/local/arduino15/packages/arduino/tools/arm-none-eabi-gcc/7-2017q4/bin/../lib/gcc/arm-none-eabi/7.2.1/thumb/v6-m\libgcc.a(gedf2.o)
 .ARM.attributes
                0x000005fc       0x2c c:/users/user/appdata/local/arduino15/packages/arduino/tools/arm-none-eabi-gcc/7-2017q4/bin/../lib/gcc/arm-none-eabi/7.2.1/thumb/v6-m\libgcc.a(ledf2.o)
 .ARM.attributes
                0x00000628       0x2c c:/users/user/appdata/local/arduino15/packages/arduino/tools/arm-none-eabi-gcc/7-2017q4/bin/../lib/gcc/arm-none-eabi/7.2.1/thumb/v6-m\libgcc.a(muldf3.o)
 .ARM.attributes
                0x00000654       0x2c c:/users/user/appdata/local/arduino15/packages/arduino/tools/arm-none-eabi-gcc/7-2017q4/bin/../lib/gcc/arm-none-eabi/7.2.1/thumb/v6-m\libgcc.a(subdf3.o)
 .ARM.attributes
                0x00000680       0x2c c:/users/user/appdata/local/arduino15/packages/arduino/tools/arm-none-eabi-gcc/7-2017q4/bin/../lib/gcc/arm-none-eabi/7.2.1/thumb/v6-m\libgcc.a(unorddf2.o)
 .ARM.attributes
                0x000006ac       0x2c c:/users/user/appdata/local/arduino15/packages/arduino/tools/arm-none-eabi-gcc/7-2017q4/bin/../lib/gcc/arm-none-eabi/7.2.1/thumb/v6-m\libgcc.a(fixdfsi.o)
 .ARM.attributes
                0x000006d8       0x2c c:/users/user/appdata/local/arduino15/packages/arduino/tools/arm-none-eabi-gcc/7-2017q4/bin/../lib/gcc/arm-none-eabi/7.2.1/thumb/v6-m\libgcc.a(floatsidf.o)
 .ARM.attributes
                0x00000704       0x2c c:/users/user/appdata/local/arduino15/packages/arduino/tools/arm-none-eabi-gcc/7-2017q4/bin/../lib/gcc/arm-none-eabi/7.2.1/thumb/v6-m\libgcc.a(floatunsidf.o)
 .ARM.attributes
                0x00000730       0x1e c:/users/user/appdata/local/arduino15/packages/arduino/tools/arm-none-eabi-gcc/7-2017q4/bin/../lib/gcc/arm-none-eabi/7.2.1/thumb/v6-m\libgcc.a(_clzsi2.o)
 .ARM.attributes
                0x0000074e       0x2c c:/users/user/appdata/local/arduino15/packages/arduino/tools/arm-none-eabi-gcc/7-2017q4/bin/../lib/gcc/arm-none-eabi/7.2.1/../../../../arm-none-eabi/lib/thumb/v6-m\libc_nano.a(lib_a-cxa_atexit.o)
 .ARM.attributes
                0x0000077a       0x2c c:/users/user/appdata/local/arduino15/packages/arduino/tools/arm-none-eabi-gcc/7-2017q4/bin/../lib/gcc/arm-none-eabi/7.2.1/../../../../arm-none-eabi/lib/thumb/v6-m\libc_nano.a(lib_a-impure.o)
 .ARM.attributes
                0x000007a6       0x2c c:/users/user/appdata/local/arduino15/packages/arduino/tools/arm-none-eabi-gcc/7-2017q4/bin/../lib/gcc/arm-none-eabi/7.2.1/../../../../arm-none-eabi/lib/thumb/v6-m\libc_nano.a(lib_a-init.o)
 .ARM.attributes
                0x000007d2       0x2c c:/users/user/appdata/local/arduino15/packages/arduino/tools/arm-none-eabi-gcc/7-2017q4/bin/../lib/gcc/arm-none-eabi/7.2.1/../../../../arm-none-eabi/lib/thumb/v6-m\libc_nano.a(lib_a-malloc.o)
 .ARM.attributes
                0x000007fe       0x2c c:/users/user/appdata/local/arduino15/packages/arduino/tools/arm-none-eabi-gcc/7-2017q4/bin/../lib/gcc/arm-none-eabi/7.2.1/../../../../arm-none-eabi/lib/thumb/v6-m\libc_nano.a(lib_a-memcmp.o)
 .ARM.attributes
                0x0000082a       0x2c c:/users/user/appdata/local/arduino15/packages/arduino/tools/arm-none-eabi-gcc/7-2017q4/bin/../lib/gcc/arm-none-eabi/7.2.1/../../../../arm-none-eabi/lib/thumb/v6-m\libc_nano.a(lib_a-memcpy-stub.o)
 .ARM.attributes
                0x00000856       0x2c c:/users/user/appdata/local/arduino15/packages/arduino/tools/arm-none-eabi-gcc/7-2017q4/bin/../lib/gcc/arm-none-eabi/7.2.1/../../../../arm-none-eabi/lib/thumb/v6-m\libc_nano.a(lib_a-memset.o)
 .ARM.attributes
                0x00000882       0x2c c:/users/user/appdata/local/arduino15/packages/arduino/tools/arm-none-eabi-gcc/7-2017q4/bin/../lib/gcc/arm-none-eabi/7.2.1/../../../../arm-none-eabi/lib/thumb/v6-m\libc_nano.a(lib_a-nano-freer.o)
 .ARM.attributes
                0x000008ae       0x2c c:/users/user/appdata/local/arduino15/packages/arduino/tools/arm-none-eabi-gcc/7-2017q4/bin/../lib/gcc/arm-none-eabi/7.2.1/../../../../arm-none-eabi/lib/thumb/v6-m\libc_nano.a(lib_a-nano-mallocr.o)
 .ARM.attributes
                0x000008da       0x2c c:/users/user/appdata/local/arduino15/packages/arduino/tools/arm-none-eabi-gcc/7-2017q4/bin/../lib/gcc/arm-none-eabi/7.2.1/../../../../arm-none-eabi/lib/thumb/v6-m\libc_nano.a(lib_a-sbrkr.o)
 .ARM.attributes
                0x00000906       0x1c c:/users/user/appdata/local/arduino15/packages/arduino/tools/arm-none-eabi-gcc/7-2017q4/bin/../lib/gcc/arm-none-eabi/7.2.1/../../../../arm-none-eabi/lib/thumb/v6-m\libc_nano.a(lib_a-strlen.o)
 .ARM.attributes
                0x00000922       0x2c c:/users/user/appdata/local/arduino15/packages/arduino/tools/arm-none-eabi-gcc/7-2017q4/bin/../lib/gcc/arm-none-eabi/7.2.1/../../../../arm-none-eabi/lib/thumb/v6-m\libc_nano.a(lib_a-findfp.o)
 .ARM.attributes
                0x0000094e       0x2c c:/users/user/appdata/local/arduino15/packages/arduino/tools/arm-none-eabi-gcc/7-2017q4/bin/../lib/gcc/arm-none-eabi/7.2.1/../../../../arm-none-eabi/lib/thumb/v6-m\libc_nano.a(lib_a-mlock.o)
 .ARM.attributes
                0x0000097a       0x2c c:/users/user/appdata/local/arduino15/packages/arduino/tools/arm-none-eabi-gcc/7-2017q4/bin/../lib/gcc/arm-none-eabi/7.2.1/../../../../arm-none-eabi/lib/thumb/v6-m\libc_nano.a(lib_a-reent.o)
 .ARM.attributes
                0x000009a6       0x2c c:/users/user/appdata/local/arduino15/packages/arduino/tools/arm-none-eabi-gcc/7-2017q4/bin/../lib/gcc/arm-none-eabi/7.2.1/../../../../arm-none-eabi/lib/thumb/v6-m\libnosys.a(sbrk.o)
 .ARM.attributes
                0x000009d2       0x2c c:/users/user/appdata/local/arduino15/packages/arduino/tools/arm-none-eabi-gcc/7-2017q4/bin/../lib/gcc/arm-none-eabi/7.2.1/thumb/v6-m/crtend.o
 .ARM.attributes
                0x000009fe       0x1e c:/users/user/appdata/local/arduino15/packages/arduino/tools/arm-none-eabi-gcc/7-2017q4/bin/../lib/gcc/arm-none-eabi/7.2.1/thumb/v6-m/crtn.o

.comment        0x00000000       0x7e
 .comment       0x00000000       0x7e C:\Users\user\Documents\Arduino\test\build\sketch\test.ino.cpp.o
                                 0x7f (size before relaxing)
 .comment       0x0000007e       0x7f C:\Users\user\Documents\Arduino\test\build\libraries\SPI\SPI.cpp.o
 .comment       0x0000007e       0x7f C:\Users\user\Documents\Arduino\test\build\core\variant.cpp.o
 .comment       0x0000007e       0x7f C:\Users\user\Documents\Arduino\test\build/..\..\..\..\AppData\Local\Temp\arduino\cores\arduino_samd_nano_33_iot_e2ce119f1188dca056bb4156d2541080\core.a(SERCOM.cpp.o)
 .comment       0x0000007e       0x7f C:\Users\user\Documents\Arduino\test\build/..\..\..\..\AppData\Local\Temp\arduino\cores\arduino_samd_nano_33_iot_e2ce119f1188dca056bb4156d2541080\core.a(CDC.cpp.o)
 .comment       0x0000007e       0x7f C:\Users\user\Documents\Arduino\test\build/..\..\..\..\AppData\Local\Temp\arduino\cores\arduino_samd_nano_33_iot_e2ce119f1188dca056bb4156d2541080\core.a(USBCore.cpp.o)
 .comment       0x0000007e       0x7f C:\Users\user\Documents\Arduino\test\build/..\..\..\..\AppData\Local\Temp\arduino\cores\arduino_samd_nano_33_iot_e2ce119f1188dca056bb4156d2541080\core.a(Uart.cpp.o)
 .comment       0x0000007e       0x7f C:\Users\user\Documents\Arduino\test\build/..\..\..\..\AppData\Local\Temp\arduino\cores\arduino_samd_nano_33_iot_e2ce119f1188dca056bb4156d2541080\core.a(PluggableUSB.cpp.o)
 .comment       0x0000007e       0x7f C:\Users\user\Documents\Arduino\test\build/..\..\..\..\AppData\Local\Temp\arduino\cores\arduino_samd_nano_33_iot_e2ce119f1188dca056bb4156d2541080\core.a(Print.cpp.o)
 .comment       0x0000007e       0x7f C:\Users\user\Documents\Arduino\test\build/..\..\..\..\AppData\Local\Temp\arduino\cores\arduino_samd_nano_33_iot_e2ce119f1188dca056bb4156d2541080\core.a(cortex_handlers.c.o)
 .comment       0x0000007e       0x7f C:\Users\user\Documents\Arduino\test\build/..\..\..\..\AppData\Local\Temp\arduino\cores\arduino_samd_nano_33_iot_e2ce119f1188dca056bb4156d2541080\core.a(delay.c.o)
 .comment       0x0000007e       0x7f C:\Users\user\Documents\Arduino\test\build/..\..\..\..\AppData\Local\Temp\arduino\cores\arduino_samd_nano_33_iot_e2ce119f1188dca056bb4156d2541080\core.a(hooks.c.o)
 .comment       0x0000007e       0x7f C:\Users\user\Documents\Arduino\test\build/..\..\..\..\AppData\Local\Temp\arduino\cores\arduino_samd_nano_33_iot_e2ce119f1188dca056bb4156d2541080\core.a(main.cpp.o)